Archive member included to satisfy reference by file (symbol)

/opt/st/stm32cubeide_1.6.1/plugins/com.st.stm32cube.ide.mcu.externaltools.gnu-tools-for-stm32.9-2020-q2-update.linux64_1.5.0.202011040924/tools/bin/../lib/gcc/arm-none-eabi/9.3.1/../../../../arm-none-eabi/lib/thumb/v7e-m+fp/hard/libc_nano.a(lib_a-errno.o)
                              Core/Src/syscalls.o (__errno)
/opt/st/stm32cubeide_1.6.1/plugins/com.st.stm32cube.ide.mcu.externaltools.gnu-tools-for-stm32.9-2020-q2-update.linux64_1.5.0.202011040924/tools/bin/../lib/gcc/arm-none-eabi/9.3.1/../../../../arm-none-eabi/lib/thumb/v7e-m+fp/hard/libc_nano.a(lib_a-exit.o)
                              /opt/st/stm32cubeide_1.6.1/plugins/com.st.stm32cube.ide.mcu.externaltools.gnu-tools-for-stm32.9-2020-q2-update.linux64_1.5.0.202011040924/tools/bin/../lib/gcc/arm-none-eabi/9.3.1/../../../../arm-none-eabi/lib/thumb/v7e-m+fp/hard/crt0.o (exit)
/opt/st/stm32cubeide_1.6.1/plugins/com.st.stm32cube.ide.mcu.externaltools.gnu-tools-for-stm32.9-2020-q2-update.linux64_1.5.0.202011040924/tools/bin/../lib/gcc/arm-none-eabi/9.3.1/../../../../arm-none-eabi/lib/thumb/v7e-m+fp/hard/libc_nano.a(lib_a-impure.o)
                              /opt/st/stm32cubeide_1.6.1/plugins/com.st.stm32cube.ide.mcu.externaltools.gnu-tools-for-stm32.9-2020-q2-update.linux64_1.5.0.202011040924/tools/bin/../lib/gcc/arm-none-eabi/9.3.1/../../../../arm-none-eabi/lib/thumb/v7e-m+fp/hard/libc_nano.a(lib_a-exit.o) (_global_impure_ptr)
/opt/st/stm32cubeide_1.6.1/plugins/com.st.stm32cube.ide.mcu.externaltools.gnu-tools-for-stm32.9-2020-q2-update.linux64_1.5.0.202011040924/tools/bin/../lib/gcc/arm-none-eabi/9.3.1/../../../../arm-none-eabi/lib/thumb/v7e-m+fp/hard/libc_nano.a(lib_a-init.o)
                              /opt/st/stm32cubeide_1.6.1/plugins/com.st.stm32cube.ide.mcu.externaltools.gnu-tools-for-stm32.9-2020-q2-update.linux64_1.5.0.202011040924/tools/bin/../lib/gcc/arm-none-eabi/9.3.1/../../../../arm-none-eabi/lib/thumb/v7e-m+fp/hard/crt0.o (__libc_init_array)
/opt/st/stm32cubeide_1.6.1/plugins/com.st.stm32cube.ide.mcu.externaltools.gnu-tools-for-stm32.9-2020-q2-update.linux64_1.5.0.202011040924/tools/bin/../lib/gcc/arm-none-eabi/9.3.1/../../../../arm-none-eabi/lib/thumb/v7e-m+fp/hard/libc_nano.a(lib_a-memset.o)
                              /opt/st/stm32cubeide_1.6.1/plugins/com.st.stm32cube.ide.mcu.externaltools.gnu-tools-for-stm32.9-2020-q2-update.linux64_1.5.0.202011040924/tools/bin/../lib/gcc/arm-none-eabi/9.3.1/../../../../arm-none-eabi/lib/thumb/v7e-m+fp/hard/crt0.o (memset)

Allocating common symbols
Common symbol       size              file

hUsbDeviceFS        0x2d0             USB_DEVICE/App/usb_device.o
n                   0x4               Core/Src/main.o
slave_address       0x40              Core/Src/main.o
hi2c1               0x4c              Core/Src/main.o
uwTick              0x4               Drivers/STM32L4xx_HAL_Driver/Src/stm32l4xx_hal.o
hpcd_USB_FS         0x2f4             USB_DEVICE/Target/usbd_conf.o
USBD_StrDesc        0x200             USB_DEVICE/App/usbd_desc.o
exti_msg            0xc               Core/Src/main.o

Discarded input sections

 .text          0x0000000000000000        0x0 /opt/st/stm32cubeide_1.6.1/plugins/com.st.stm32cube.ide.mcu.externaltools.gnu-tools-for-stm32.9-2020-q2-update.linux64_1.5.0.202011040924/tools/bin/../lib/gcc/arm-none-eabi/9.3.1/thumb/v7e-m+fp/hard/crti.o
 .data          0x0000000000000000        0x0 /opt/st/stm32cubeide_1.6.1/plugins/com.st.stm32cube.ide.mcu.externaltools.gnu-tools-for-stm32.9-2020-q2-update.linux64_1.5.0.202011040924/tools/bin/../lib/gcc/arm-none-eabi/9.3.1/thumb/v7e-m+fp/hard/crti.o
 .bss           0x0000000000000000        0x0 /opt/st/stm32cubeide_1.6.1/plugins/com.st.stm32cube.ide.mcu.externaltools.gnu-tools-for-stm32.9-2020-q2-update.linux64_1.5.0.202011040924/tools/bin/../lib/gcc/arm-none-eabi/9.3.1/thumb/v7e-m+fp/hard/crti.o
 .data          0x0000000000000000        0x4 /opt/st/stm32cubeide_1.6.1/plugins/com.st.stm32cube.ide.mcu.externaltools.gnu-tools-for-stm32.9-2020-q2-update.linux64_1.5.0.202011040924/tools/bin/../lib/gcc/arm-none-eabi/9.3.1/thumb/v7e-m+fp/hard/crtbegin.o
 .text          0x0000000000000000       0x7c /opt/st/stm32cubeide_1.6.1/plugins/com.st.stm32cube.ide.mcu.externaltools.gnu-tools-for-stm32.9-2020-q2-update.linux64_1.5.0.202011040924/tools/bin/../lib/gcc/arm-none-eabi/9.3.1/../../../../arm-none-eabi/lib/thumb/v7e-m+fp/hard/crt0.o
 .data          0x0000000000000000        0x0 /opt/st/stm32cubeide_1.6.1/plugins/com.st.stm32cube.ide.mcu.externaltools.gnu-tools-for-stm32.9-2020-q2-update.linux64_1.5.0.202011040924/tools/bin/../lib/gcc/arm-none-eabi/9.3.1/../../../../arm-none-eabi/lib/thumb/v7e-m+fp/hard/crt0.o
[...]
Memory Configuration

Name             Origin             Length             Attributes
RAM              0x0000000020000000 0x000000000000a000 xrw
FLASH            0x0000000008000000 0x0000000000020000 xr
*default*        0x0000000000000000 0xffffffffffffffff

Linker script and memory map

LOAD /opt/st/stm32cubeide_1.6.1/plugins/com.st.stm32cube.ide.mcu.externaltools.gnu-tools-for-stm32.9-2020-q2-update.linux64_1.5.0.202011040924/tools/bin/../lib/gcc/arm-none-eabi/9.3.1/thumb/v7e-m+fp/hard/crti.o
LOAD /opt/st/stm32cubeide_1.6.1/plugins/com.st.stm32cube.ide.mcu.externaltools.gnu-tools-for-stm32.9-2020-q2-update.linux64_1.5.0.202011040924/tools/bin/../lib/gcc/arm-none-eabi/9.3.1/thumb/v7e-m+fp/hard/crtbegin.o
LOAD /opt/st/stm32cubeide_1.6.1/plugins/com.st.stm32cube.ide.mcu.externaltools.gnu-tools-for-stm32.9-2020-q2-update.linux64_1.5.0.202011040924/tools/bin/../lib/gcc/arm-none-eabi/9.3.1/../../../../arm-none-eabi/lib/thumb/v7e-m+fp/hard/crt0.o
LOAD Core/Src/main.o
LOAD Core/Src/stm32l4xx_hal_msp.o
LOAD Core/Src/stm32l4xx_it.o
LOAD Core/Src/syscalls.o
LOAD Core/Src/sysmem.o
LOAD Core/Src/system_stm32l4xx.o
LOAD Core/Src/usbd_midi_if.o
LOAD Core/Startup/startup_stm32l412kbux.o
LOAD Drivers/STM32L4xx_HAL_Driver/Src/stm32l4xx_hal.o
LOAD Drivers/STM32L4xx_HAL_Driver/Src/stm32l4xx_hal_cortex.o
LOAD Drivers/STM32L4xx_HAL_Driver/Src/stm32l4xx_hal_dma.o
LOAD Drivers/STM32L4xx_HAL_Driver/Src/stm32l4xx_hal_dma_ex.o
LOAD Drivers/STM32L4xx_HAL_Driver/Src/stm32l4xx_hal_exti.o
LOAD Drivers/STM32L4xx_HAL_Driver/Src/stm32l4xx_hal_flash.o
LOAD Drivers/STM32L4xx_HAL_Driver/Src/stm32l4xx_hal_flash_ex.o
LOAD Drivers/STM32L4xx_HAL_Driver/Src/stm32l4xx_hal_flash_ramfunc.o
LOAD Drivers/STM32L4xx_HAL_Driver/Src/stm32l4xx_hal_gpio.o
LOAD Drivers/STM32L4xx_HAL_Driver/Src/stm32l4xx_hal_i2c.o
LOAD Drivers/STM32L4xx_HAL_Driver/Src/stm32l4xx_hal_i2c_ex.o
LOAD Drivers/STM32L4xx_HAL_Driver/Src/stm32l4xx_hal_pcd.o
LOAD Drivers/STM32L4xx_HAL_Driver/Src/stm32l4xx_hal_pcd_ex.o
LOAD Drivers/STM32L4xx_HAL_Driver/Src/stm32l4xx_hal_pwr.o
LOAD Drivers/STM32L4xx_HAL_Driver/Src/stm32l4xx_hal_pwr_ex.o
LOAD Drivers/STM32L4xx_HAL_Driver/Src/stm32l4xx_hal_rcc.o
LOAD Drivers/STM32L4xx_HAL_Driver/Src/stm32l4xx_hal_rcc_ex.o
LOAD Drivers/STM32L4xx_HAL_Driver/Src/stm32l4xx_hal_tim.o
LOAD Drivers/STM32L4xx_HAL_Driver/Src/stm32l4xx_hal_tim_ex.o
LOAD Drivers/STM32L4xx_HAL_Driver/Src/stm32l4xx_ll_usb.o
LOAD Middlewares/ST/STM32_USB_Device_Library/Class/AUDIO/Src/usbd_audio.o
LOAD Middlewares/ST/STM32_USB_Device_Library/Class/MIDI/Src/usbd_midi.o
LOAD Middlewares/ST/STM32_USB_Device_Library/Class/MIDI/Src/usbd_midi_if_template.o
LOAD Middlewares/ST/STM32_USB_Device_Library/Core/Src/usbd_core.o
LOAD Middlewares/ST/STM32_USB_Device_Library/Core/Src/usbd_ctlreq.o
LOAD Middlewares/ST/STM32_USB_Device_Library/Core/Src/usbd_ioreq.o
LOAD USB_DEVICE/App/usb_device.o
LOAD USB_DEVICE/App/usbd_audio_if.o
LOAD USB_DEVICE/App/usbd_desc.o
LOAD USB_DEVICE/Target/usbd_conf.o
START GROUP
LOAD /opt/st/stm32cubeide_1.6.1/plugins/com.st.stm32cube.ide.mcu.externaltools.gnu-tools-for-stm32.9-2020-q2-update.linux64_1.5.0.202011040924/tools/bin/../lib/gcc/arm-none-eabi/9.3.1/../../../../arm-none-eabi/lib/thumb/v7e-m+fp/hard/libc_nano.a
LOAD /opt/st/stm32cubeide_1.6.1/plugins/com.st.stm32cube.ide.mcu.externaltools.gnu-tools-for-stm32.9-2020-q2-update.linux64_1.5.0.202011040924/tools/bin/../lib/gcc/arm-none-eabi/9.3.1/../../../../arm-none-eabi/lib/thumb/v7e-m+fp/hard/libm.a
END GROUP
START GROUP
LOAD /opt/st/stm32cubeide_1.6.1/plugins/com.st.stm32cube.ide.mcu.externaltools.gnu-tools-for-stm32.9-2020-q2-update.linux64_1.5.0.202011040924/tools/bin/../lib/gcc/arm-none-eabi/9.3.1/thumb/v7e-m+fp/hard/libgcc.a
LOAD /opt/st/stm32cubeide_1.6.1/plugins/com.st.stm32cube.ide.mcu.externaltools.gnu-tools-for-stm32.9-2020-q2-update.linux64_1.5.0.202011040924/tools/bin/../lib/gcc/arm-none-eabi/9.3.1/../../../../arm-none-eabi/lib/thumb/v7e-m+fp/hard/libc_nano.a
END GROUP
START GROUP
LOAD /opt/st/stm32cubeide_1.6.1/plugins/com.st.stm32cube.ide.mcu.externaltools.gnu-tools-for-stm32.9-2020-q2-update.linux64_1.5.0.202011040924/tools/bin/../lib/gcc/arm-none-eabi/9.3.1/thumb/v7e-m+fp/hard/libgcc.a
LOAD /opt/st/stm32cubeide_1.6.1/plugins/com.st.stm32cube.ide.mcu.externaltools.gnu-tools-for-stm32.9-2020-q2-update.linux64_1.5.0.202011040924/tools/bin/../lib/gcc/arm-none-eabi/9.3.1/../../../../arm-none-eabi/lib/thumb/v7e-m+fp/hard/libc_nano.a
LOAD /opt/st/stm32cubeide_1.6.1/plugins/com.st.stm32cube.ide.mcu.externaltools.gnu-tools-for-stm32.9-2020-q2-update.linux64_1.5.0.202011040924/tools/bin/../lib/gcc/arm-none-eabi/9.3.1/../../../../arm-none-eabi/lib/thumb/v7e-m+fp/hard/libnosys.a
END GROUP
START GROUP
LOAD /opt/st/stm32cubeide_1.6.1/plugins/com.st.stm32cube.ide.mcu.externaltools.gnu-tools-for-stm32.9-2020-q2-update.linux64_1.5.0.202011040924/tools/bin/../lib/gcc/arm-none-eabi/9.3.1/thumb/v7e-m+fp/hard/libgcc.a
LOAD /opt/st/stm32cubeide_1.6.1/plugins/com.st.stm32cube.ide.mcu.externaltools.gnu-tools-for-stm32.9-2020-q2-update.linux64_1.5.0.202011040924/tools/bin/../lib/gcc/arm-none-eabi/9.3.1/../../../../arm-none-eabi/lib/thumb/v7e-m+fp/hard/libc_nano.a
LOAD /opt/st/stm32cubeide_1.6.1/plugins/com.st.stm32cube.ide.mcu.externaltools.gnu-tools-for-stm32.9-2020-q2-update.linux64_1.5.0.202011040924/tools/bin/../lib/gcc/arm-none-eabi/9.3.1/../../../../arm-none-eabi/lib/thumb/v7e-m+fp/hard/libnosys.a
END GROUP
LOAD /opt/st/stm32cubeide_1.6.1/plugins/com.st.stm32cube.ide.mcu.externaltools.gnu-tools-for-stm32.9-2020-q2-update.linux64_1.5.0.202011040924/tools/bin/../lib/gcc/arm-none-eabi/9.3.1/thumb/v7e-m+fp/hard/crtend.o
LOAD /opt/st/stm32cubeide_1.6.1/plugins/com.st.stm32cube.ide.mcu.externaltools.gnu-tools-for-stm32.9-2020-q2-update.linux64_1.5.0.202011040924/tools/bin/../lib/gcc/arm-none-eabi/9.3.1/thumb/v7e-m+fp/hard/crtn.o
                0x000000002000a000                _estack = (ORIGIN (RAM) + LENGTH (RAM))
                0x0000000000000200                _Min_Heap_Size = 0x200
                0x0000000000000400                _Min_Stack_Size = 0x400

.isr_vector     0x0000000008000000      0x18c
                0x0000000008000000                . = ALIGN (0x4)
 *(.isr_vector)
 .isr_vector    0x0000000008000000      0x18c Core/Startup/startup_stm32l412kbux.o
                0x0000000008000000                g_pfnVectors
                0x000000000800018c                . = ALIGN (0x4)

.text           0x000000000800018c     0x8ae8
                0x000000000800018c                . = ALIGN (0x4)
 *(.text)
 .text          0x000000000800018c       0x40 /opt/st/stm32cubeide_1.6.1/plugins/com.st.stm32cube.ide.mcu.externaltools.gnu-tools-for-stm32.9-2020-q2-update.linux64_1.5.0.202011040924/tools/bin/../lib/gcc/arm-none-eabi/9.3.1/thumb/v7e-m+fp/hard/crtbegin.o
 *(.text*)
 .text.main     0x00000000080001cc      0x3a0 Core/Src/main.o
                0x00000000080001cc                main
 .text.SystemClock_Config
                0x000000000800056c       0xe4 Core/Src/main.o
                0x000000000800056c                SystemClock_Config
 .text.MX_I2C1_Init
                0x0000000008000650       0x80 Core/Src/main.o
 .text.MX_GPIO_Init
                0x00000000080006d0       0x98 Core/Src/main.o
 .text.Error_Handler
                0x0000000008000768        0xa Core/Src/main.o
                0x0000000008000768                Error_Handler
 *fill*         0x0000000008000772        0x2 
 .text.HAL_MspInit
                0x0000000008000774       0x48 Core/Src/stm32l4xx_hal_msp.o
                0x0000000008000774                HAL_MspInit
 .text.HAL_I2C_MspInit
                0x00000000080007bc       0x88 Core/Src/stm32l4xx_hal_msp.o
                0x00000000080007bc                HAL_I2C_MspInit
 .text.NMI_Handler
                0x0000000008000844        0x6 Core/Src/stm32l4xx_it.o
                0x0000000008000844                NMI_Handler
 .text.HardFault_Handler
                0x000000000800084a        0x6 Core/Src/stm32l4xx_it.o
                0x000000000800084a                HardFault_Handler
 .text.MemManage_Handler
                0x0000000008000850        0x6 Core/Src/stm32l4xx_it.o
                0x0000000008000850                MemManage_Handler
 .text.BusFault_Handler
                0x0000000008000856        0x6 Core/Src/stm32l4xx_it.o
                0x0000000008000856                BusFault_Handler
 .text.UsageFault_Handler
                0x000000000800085c        0x6 Core/Src/stm32l4xx_it.o
                0x000000000800085c                UsageFault_Handler
 .text.SVC_Handler
                0x0000000008000862        0xe Core/Src/stm32l4xx_it.o
                0x0000000008000862                SVC_Handler
 .text.DebugMon_Handler
                0x0000000008000870        0xe Core/Src/stm32l4xx_it.o
                0x0000000008000870                DebugMon_Handler
 .text.PendSV_Handler
                0x000000000800087e        0xe Core/Src/stm32l4xx_it.o
                0x000000000800087e                PendSV_Handler
 .text.SysTick_Handler
                0x000000000800088c        0xc Core/Src/stm32l4xx_it.o
                0x000000000800088c                SysTick_Handler
 .text.USB_IRQHandler
                0x0000000008000898       0x14 Core/Src/stm32l4xx_it.o
                0x0000000008000898                USB_IRQHandler
 .text.SystemInit
                0x00000000080008ac       0x64 Core/Src/system_stm32l4xx.o
                0x00000000080008ac                SystemInit
 .text.MIDI_Init_FS
                0x0000000008000910       0x16 Core/Src/usbd_midi_if.o
 .text.MIDI_DeInit_FS
                0x0000000008000926       0x16 Core/Src/usbd_midi_if.o
 .text.MIDI_EventOUT_FS
                0x000000000800093c       0x44 Core/Src/usbd_midi_if.o
 .text.MIDI_StatusTX_FS
                0x0000000008000980       0x18 Core/Src/usbd_midi_if.o
 .text.Reset_Handler
                0x0000000008000998       0x50 Core/Startup/startup_stm32l412kbux.o
                0x0000000008000998                Reset_Handler
 .text.Default_Handler
                0x00000000080009e8        0x2 Core/Startup/startup_stm32l412kbux.o
                0x00000000080009e8                RTC_Alarm_IRQHandler
                0x00000000080009e8                EXTI2_IRQHandler
                0x00000000080009e8                TIM1_CC_IRQHandler
                0x00000000080009e8                TSC_IRQHandler
                0x00000000080009e8                TIM6_IRQHandler
                0x00000000080009e8                TAMP_STAMP_IRQHandler
                0x00000000080009e8                EXTI3_IRQHandler
                0x00000000080009e8                LPTIM2_IRQHandler
                0x00000000080009e8                I2C3_ER_IRQHandler
                0x00000000080009e8                EXTI0_IRQHandler
                0x00000000080009e8                I2C2_EV_IRQHandler
                0x00000000080009e8                FPU_IRQHandler
                0x00000000080009e8                TIM1_UP_TIM16_IRQHandler
                0x00000000080009e8                ADC1_2_IRQHandler
                0x00000000080009e8                SPI1_IRQHandler
                0x00000000080009e8                DMA2_Channel2_IRQHandler
                0x00000000080009e8                DMA1_Channel4_IRQHandler
                0x00000000080009e8                USART3_IRQHandler
                0x00000000080009e8                DMA1_Channel7_IRQHandler
                0x00000000080009e8                DMA2_Channel1_IRQHandler
                0x00000000080009e8                QUADSPI_IRQHandler
                0x00000000080009e8                I2C1_EV_IRQHandler
                0x00000000080009e8                DMA1_Channel6_IRQHandler
                0x00000000080009e8                DMA2_Channel4_IRQHandler
                0x00000000080009e8                RCC_IRQHandler
                0x00000000080009e8                TIM1_TRG_COM_IRQHandler
                0x00000000080009e8                DMA1_Channel1_IRQHandler
                0x00000000080009e8                Default_Handler
                0x00000000080009e8                DMA2_Channel7_IRQHandler
                0x00000000080009e8                EXTI15_10_IRQHandler
                0x00000000080009e8                I2C3_EV_IRQHandler
                0x00000000080009e8                EXTI9_5_IRQHandler
                0x00000000080009e8                RTC_WKUP_IRQHandler
                0x00000000080009e8                PVD_PVM_IRQHandler
                0x00000000080009e8                SPI2_IRQHandler
                0x00000000080009e8                DMA2_Channel5_IRQHandler
                0x00000000080009e8                CRS_IRQHandler
                0x00000000080009e8                DMA1_Channel5_IRQHandler
                0x00000000080009e8                EXTI4_IRQHandler
                0x00000000080009e8                RNG_IRQHandler
                0x00000000080009e8                DMA1_Channel3_IRQHandler
                0x00000000080009e8                COMP_IRQHandler
                0x00000000080009e8                WWDG_IRQHandler
                0x00000000080009e8                LPUART1_IRQHandler
                0x00000000080009e8                DMA2_Channel6_IRQHandler
                0x00000000080009e8                TIM2_IRQHandler
                0x00000000080009e8                EXTI1_IRQHandler
                0x00000000080009e8                USART2_IRQHandler
                0x00000000080009e8                I2C2_ER_IRQHandler
                0x00000000080009e8                DMA1_Channel2_IRQHandler
                0x00000000080009e8                FLASH_IRQHandler
                0x00000000080009e8                USART1_IRQHandler
                0x00000000080009e8                I2C1_ER_IRQHandler
                0x00000000080009e8                LPTIM1_IRQHandler
                0x00000000080009e8                DMA2_Channel3_IRQHandler
                0x00000000080009e8                TIM1_BRK_TIM15_IRQHandler
 .text.HAL_Init
                0x00000000080009ea       0x30 Drivers/STM32L4xx_HAL_Driver/Src/stm32l4xx_hal.o
                0x00000000080009ea                HAL_Init
 *fill*         0x0000000008000a1a        0x2 
 .text.HAL_InitTick
                0x0000000008000a1c       0x78 Drivers/STM32L4xx_HAL_Driver/Src/stm32l4xx_hal.o
                0x0000000008000a1c                HAL_InitTick
 .text.HAL_IncTick
                0x0000000008000a94       0x28 Drivers/STM32L4xx_HAL_Driver/Src/stm32l4xx_hal.o
                0x0000000008000a94                HAL_IncTick
 .text.HAL_GetTick
                0x0000000008000abc       0x18 Drivers/STM32L4xx_HAL_Driver/Src/stm32l4xx_hal.o
                0x0000000008000abc                HAL_GetTick
 .text.HAL_Delay
                0x0000000008000ad4       0x48 Drivers/STM32L4xx_HAL_Driver/Src/stm32l4xx_hal.o
                0x0000000008000ad4                HAL_Delay
 .text.__NVIC_SetPriorityGrouping
                0x0000000008000b1c       0x48 Drivers/STM32L4xx_HAL_Driver/Src/stm32l4xx_hal_cortex.o
 .text.__NVIC_GetPriorityGrouping
                0x0000000008000b64       0x1c Drivers/STM32L4xx_HAL_Driver/Src/stm32l4xx_hal_cortex.o
 .text.__NVIC_EnableIRQ
                0x0000000008000b80       0x3c Drivers/STM32L4xx_HAL_Driver/Src/stm32l4xx_hal_cortex.o
 .text.__NVIC_SetPriority
                0x0000000008000bbc       0x54 Drivers/STM32L4xx_HAL_Driver/Src/stm32l4xx_hal_cortex.o
 .text.NVIC_EncodePriority
                0x0000000008000c10       0x66 Drivers/STM32L4xx_HAL_Driver/Src/stm32l4xx_hal_cortex.o
 *fill*         0x0000000008000c76        0x2 
 .text.SysTick_Config
                0x0000000008000c78       0x44 Drivers/STM32L4xx_HAL_Driver/Src/stm32l4xx_hal_cortex.o
 .text.HAL_NVIC_SetPriorityGrouping
                0x0000000008000cbc       0x16 Drivers/STM32L4xx_HAL_Driver/Src/stm32l4xx_hal_cortex.o
                0x0000000008000cbc                HAL_NVIC_SetPriorityGrouping
 .text.HAL_NVIC_SetPriority
                0x0000000008000cd2       0x38 Drivers/STM32L4xx_HAL_Driver/Src/stm32l4xx_hal_cortex.o
                0x0000000008000cd2                HAL_NVIC_SetPriority
 .text.HAL_NVIC_EnableIRQ
                0x0000000008000d0a       0x1c Drivers/STM32L4xx_HAL_Driver/Src/stm32l4xx_hal_cortex.o
                0x0000000008000d0a                HAL_NVIC_EnableIRQ
 .text.HAL_SYSTICK_Config
                0x0000000008000d26       0x18 Drivers/STM32L4xx_HAL_Driver/Src/stm32l4xx_hal_cortex.o
                0x0000000008000d26                HAL_SYSTICK_Config
 *fill*         0x0000000008000d3e        0x2 
 .text.HAL_GPIO_Init
                0x0000000008000d40      0x2e4 Drivers/STM32L4xx_HAL_Driver/Src/stm32l4xx_hal_gpio.o
                0x0000000008000d40                HAL_GPIO_Init
 .text.HAL_GPIO_ReadPin
                0x0000000008001024       0x30 Drivers/STM32L4xx_HAL_Driver/Src/stm32l4xx_hal_gpio.o
                0x0000000008001024                HAL_GPIO_ReadPin
 .text.HAL_GPIO_WritePin
                0x0000000008001054       0x30 Drivers/STM32L4xx_HAL_Driver/Src/stm32l4xx_hal_gpio.o
                0x0000000008001054                HAL_GPIO_WritePin
 .text.HAL_GPIO_TogglePin
                0x0000000008001084       0x34 Drivers/STM32L4xx_HAL_Driver/Src/stm32l4xx_hal_gpio.o
                0x0000000008001084                HAL_GPIO_TogglePin
 .text.HAL_I2C_Init
                0x00000000080010b8      0x11e Drivers/STM32L4xx_HAL_Driver/Src/stm32l4xx_hal_i2c.o
                0x00000000080010b8                HAL_I2C_Init
 *fill*         0x00000000080011d6        0x2 
 .text.HAL_I2C_Master_Receive
                0x00000000080011d8      0x1ec Drivers/STM32L4xx_HAL_Driver/Src/stm32l4xx_hal_i2c.o
                0x00000000080011d8                HAL_I2C_Master_Receive
 .text.HAL_I2C_Slave_Transmit
                0x00000000080013c4      0x212 Drivers/STM32L4xx_HAL_Driver/Src/stm32l4xx_hal_i2c.o
                0x00000000080013c4                HAL_I2C_Slave_Transmit
 .text.I2C_Flush_TXDR
                0x00000000080015d6       0x48 Drivers/STM32L4xx_HAL_Driver/Src/stm32l4xx_hal_i2c.o
 .text.I2C_WaitOnFlagUntilTimeout
                0x000000000800161e       0x80 Drivers/STM32L4xx_HAL_Driver/Src/stm32l4xx_hal_i2c.o
 .text.I2C_WaitOnTXISFlagUntilTimeout
                0x000000000800169e       0x80 Drivers/STM32L4xx_HAL_Driver/Src/stm32l4xx_hal_i2c.o
 .text.I2C_WaitOnSTOPFlagUntilTimeout
                0x000000000800171e       0x78 Drivers/STM32L4xx_HAL_Driver/Src/stm32l4xx_hal_i2c.o
 *fill*         0x0000000008001796        0x2 
 .text.I2C_WaitOnRXNEFlagUntilTimeout
                0x0000000008001798       0xd8 Drivers/STM32L4xx_HAL_Driver/Src/stm32l4xx_hal_i2c.o
 .text.I2C_IsAcknowledgeFailed
                0x0000000008001870       0xcc Drivers/STM32L4xx_HAL_Driver/Src/stm32l4xx_hal_i2c.o
 .text.I2C_TransferConfig
                0x000000000800193c       0x5c Drivers/STM32L4xx_HAL_Driver/Src/stm32l4xx_hal_i2c.o
 .text.HAL_I2CEx_ConfigAnalogFilter
                0x0000000008001998       0x96 Drivers/STM32L4xx_HAL_Driver/Src/stm32l4xx_hal_i2c_ex.o
                0x0000000008001998                HAL_I2CEx_ConfigAnalogFilter
 .text.HAL_I2CEx_ConfigDigitalFilter
                0x0000000008001a2e       0x98 Drivers/STM32L4xx_HAL_Driver/Src/stm32l4xx_hal_i2c_ex.o
                0x0000000008001a2e                HAL_I2CEx_ConfigDigitalFilter
 .text.HAL_PCD_Init
                0x0000000008001ac6      0x224 Drivers/STM32L4xx_HAL_Driver/Src/stm32l4xx_hal_pcd.o
                0x0000000008001ac6                HAL_PCD_Init
 .text.HAL_PCD_Start
                0x0000000008001cea       0x44 Drivers/STM32L4xx_HAL_Driver/Src/stm32l4xx_hal_pcd.o
                0x0000000008001cea                HAL_PCD_Start
 .text.HAL_PCD_IRQHandler
                0x0000000008001d2e      0x29c Drivers/STM32L4xx_HAL_Driver/Src/stm32l4xx_hal_pcd.o
                0x0000000008001d2e                HAL_PCD_IRQHandler
 .text.HAL_PCD_SetAddress
                0x0000000008001fca       0x4a Drivers/STM32L4xx_HAL_Driver/Src/stm32l4xx_hal_pcd.o
                0x0000000008001fca                HAL_PCD_SetAddress
 .text.HAL_PCD_EP_Open
                0x0000000008002014       0xcc Drivers/STM32L4xx_HAL_Driver/Src/stm32l4xx_hal_pcd.o
                0x0000000008002014                HAL_PCD_EP_Open
 .text.HAL_PCD_EP_Close
                0x00000000080020e0       0x90 Drivers/STM32L4xx_HAL_Driver/Src/stm32l4xx_hal_pcd.o
                0x00000000080020e0                HAL_PCD_EP_Close
 .text.HAL_PCD_EP_Receive
                0x0000000008002170       0x7a Drivers/STM32L4xx_HAL_Driver/Src/stm32l4xx_hal_pcd.o
                0x0000000008002170                HAL_PCD_EP_Receive
 .text.HAL_PCD_EP_GetRxCount
                0x00000000080021ea       0x30 Drivers/STM32L4xx_HAL_Driver/Src/stm32l4xx_hal_pcd.o
                0x00000000080021ea                HAL_PCD_EP_GetRxCount
 .text.HAL_PCD_EP_Transmit
                0x000000000800221a       0x86 Drivers/STM32L4xx_HAL_Driver/Src/stm32l4xx_hal_pcd.o
                0x000000000800221a                HAL_PCD_EP_Transmit
 .text.HAL_PCD_EP_SetStall
                0x00000000080022a0       0xc0 Drivers/STM32L4xx_HAL_Driver/Src/stm32l4xx_hal_pcd.o
                0x00000000080022a0                HAL_PCD_EP_SetStall
 .text.HAL_PCD_EP_ClrStall
                0x0000000008002360       0xa8 Drivers/STM32L4xx_HAL_Driver/Src/stm32l4xx_hal_pcd.o
                0x0000000008002360                HAL_PCD_EP_ClrStall
 .text.HAL_PCD_EP_Flush
                0x0000000008002408       0x5a Drivers/STM32L4xx_HAL_Driver/Src/stm32l4xx_hal_pcd.o
                0x0000000008002408                HAL_PCD_EP_Flush
 .text.PCD_EP_ISR_Handler
                0x0000000008002462      0x5d4 Drivers/STM32L4xx_HAL_Driver/Src/stm32l4xx_hal_pcd.o
 .text.HAL_PCD_EP_DB_Receive
                0x0000000008002a36      0x212 Drivers/STM32L4xx_HAL_Driver/Src/stm32l4xx_hal_pcd.o
 .text.HAL_PCD_EP_DB_Transmit
                0x0000000008002c48      0x79c Drivers/STM32L4xx_HAL_Driver/Src/stm32l4xx_hal_pcd.o
 .text.HAL_PCDEx_PMAConfig
                0x00000000080033e4       0x86 Drivers/STM32L4xx_HAL_Driver/Src/stm32l4xx_hal_pcd_ex.o
                0x00000000080033e4                HAL_PCDEx_PMAConfig
 .text.HAL_PCDEx_ActivateLPM
                0x000000000800346a       0x54 Drivers/STM32L4xx_HAL_Driver/Src/stm32l4xx_hal_pcd_ex.o
                0x000000000800346a                HAL_PCDEx_ActivateLPM
 *fill*         0x00000000080034be        0x2 
 .text.HAL_PWREx_GetVoltageRange
                0x00000000080034c0       0x1c Drivers/STM32L4xx_HAL_Driver/Src/stm32l4xx_hal_pwr_ex.o
                0x00000000080034c0                HAL_PWREx_GetVoltageRange
 .text.HAL_PWREx_ControlVoltageScaling
                0x00000000080034dc       0xac Drivers/STM32L4xx_HAL_Driver/Src/stm32l4xx_hal_pwr_ex.o
                0x00000000080034dc                HAL_PWREx_ControlVoltageScaling
 .text.HAL_PWREx_EnableVddUSB
                0x0000000008003588       0x20 Drivers/STM32L4xx_HAL_Driver/Src/stm32l4xx_hal_pwr_ex.o
                0x0000000008003588                HAL_PWREx_EnableVddUSB
 .text.HAL_RCC_OscConfig
                0x00000000080035a8      0x8cc Drivers/STM32L4xx_HAL_Driver/Src/stm32l4xx_hal_rcc.o
                0x00000000080035a8                HAL_RCC_OscConfig
 .text.HAL_RCC_ClockConfig
                0x0000000008003e74      0x1c4 Drivers/STM32L4xx_HAL_Driver/Src/stm32l4xx_hal_rcc.o
                0x0000000008003e74                HAL_RCC_ClockConfig
 .text.HAL_RCC_GetSysClockFreq
                0x0000000008004038      0x118 Drivers/STM32L4xx_HAL_Driver/Src/stm32l4xx_hal_rcc.o
                0x0000000008004038                HAL_RCC_GetSysClockFreq
 .text.RCC_SetFlashLatencyFromMSIRange
                0x0000000008004150       0xc0 Drivers/STM32L4xx_HAL_Driver/Src/stm32l4xx_hal_rcc.o
 .text.HAL_RCCEx_PeriphCLKConfig
                0x0000000008004210      0x30c Drivers/STM32L4xx_HAL_Driver/Src/stm32l4xx_hal_rcc_ex.o
                0x0000000008004210                HAL_RCCEx_PeriphCLKConfig
 .text.USB_CoreInit
                0x000000000800451c       0x22 Drivers/STM32L4xx_HAL_Driver/Src/stm32l4xx_ll_usb.o
                0x000000000800451c                USB_CoreInit
 .text.USB_EnableGlobalInt
                0x000000000800453e       0x2e Drivers/STM32L4xx_HAL_Driver/Src/stm32l4xx_ll_usb.o
                0x000000000800453e                USB_EnableGlobalInt
 .text.USB_DisableGlobalInt
                0x000000000800456c       0x36 Drivers/STM32L4xx_HAL_Driver/Src/stm32l4xx_ll_usb.o
                0x000000000800456c                USB_DisableGlobalInt
 .text.USB_SetCurrentMode
                0x00000000080045a2       0x1a Drivers/STM32L4xx_HAL_Driver/Src/stm32l4xx_ll_usb.o
                0x00000000080045a2                USB_SetCurrentMode
 .text.USB_DevInit
                0x00000000080045bc       0x42 Drivers/STM32L4xx_HAL_Driver/Src/stm32l4xx_ll_usb.o
                0x00000000080045bc                USB_DevInit
 .text.USB_FlushTxFifo
                0x00000000080045fe       0x18 Drivers/STM32L4xx_HAL_Driver/Src/stm32l4xx_ll_usb.o
                0x00000000080045fe                USB_FlushTxFifo
 .text.USB_FlushRxFifo
                0x0000000008004616       0x16 Drivers/STM32L4xx_HAL_Driver/Src/stm32l4xx_ll_usb.o
                0x0000000008004616                USB_FlushRxFifo
 .text.USB_ActivateEndpoint
                0x000000000800462c      0x6dc Drivers/STM32L4xx_HAL_Driver/Src/stm32l4xx_ll_usb.o
                0x000000000800462c                USB_ActivateEndpoint
 .text.USB_DeactivateEndpoint
                0x0000000008004d08      0x3da Drivers/STM32L4xx_HAL_Driver/Src/stm32l4xx_ll_usb.o
                0x0000000008004d08                USB_DeactivateEndpoint
 .text.USB_EPStartXfer
                0x00000000080050e2     0x15ee Drivers/STM32L4xx_HAL_Driver/Src/stm32l4xx_ll_usb.o
                0x00000000080050e2                USB_EPStartXfer
 .text.USB_EPSetStall
                0x00000000080066d0       0xa2 Drivers/STM32L4xx_HAL_Driver/Src/stm32l4xx_ll_usb.o
                0x00000000080066d0                USB_EPSetStall
 .text.USB_EPClearStall
                0x0000000008006772      0x15c Drivers/STM32L4xx_HAL_Driver/Src/stm32l4xx_ll_usb.o
                0x0000000008006772                USB_EPClearStall
 .text.USB_SetDevAddress
                0x00000000080068ce       0x28 Drivers/STM32L4xx_HAL_Driver/Src/stm32l4xx_ll_usb.o
                0x00000000080068ce                USB_SetDevAddress
 .text.USB_DevConnect
                0x00000000080068f6       0x2e Drivers/STM32L4xx_HAL_Driver/Src/stm32l4xx_ll_usb.o
                0x00000000080068f6                USB_DevConnect
 .text.USB_DevDisconnect
                0x0000000008006924       0x2a Drivers/STM32L4xx_HAL_Driver/Src/stm32l4xx_ll_usb.o
                0x0000000008006924                USB_DevDisconnect
 .text.USB_ReadInterrupts
                0x000000000800694e       0x20 Drivers/STM32L4xx_HAL_Driver/Src/stm32l4xx_ll_usb.o
                0x000000000800694e                USB_ReadInterrupts
 .text.USB_EP0_OutStart
                0x000000000800696e       0x18 Drivers/STM32L4xx_HAL_Driver/Src/stm32l4xx_ll_usb.o
                0x000000000800696e                USB_EP0_OutStart
 .text.USB_WritePMA
                0x0000000008006986       0x84 Drivers/STM32L4xx_HAL_Driver/Src/stm32l4xx_ll_usb.o
                0x0000000008006986                USB_WritePMA
 .text.USB_ReadPMA
                0x0000000008006a0a       0x98 Drivers/STM32L4xx_HAL_Driver/Src/stm32l4xx_ll_usb.o
                0x0000000008006a0a                USB_ReadPMA
 .text.USBD_MIDI_Init
                0x0000000008006aa2       0xa4 Middlewares/ST/STM32_USB_Device_Library/Class/MIDI/Src/usbd_midi.o
 .text.USBD_MIDI_DeInit
                0x0000000008006b46       0x50 Middlewares/ST/STM32_USB_Device_Library/Class/MIDI/Src/usbd_midi.o
 .text.USBD_MIDI_Setup
                0x0000000008006b96       0x88 Middlewares/ST/STM32_USB_Device_Library/Class/MIDI/Src/usbd_midi.o
 *fill*         0x0000000008006c1e        0x2 
 .text.USBD_MIDI_GetCfgDesc
                0x0000000008006c20       0x20 Middlewares/ST/STM32_USB_Device_Library/Class/MIDI/Src/usbd_midi.o
 .text.USBD_MIDI_DataIn
                0x0000000008006c40       0x68 Middlewares/ST/STM32_USB_Device_Library/Class/MIDI/Src/usbd_midi.o
 .text.USBD_MIDI_EP0_RxReady
                0x0000000008006ca8       0x16 Middlewares/ST/STM32_USB_Device_Library/Class/MIDI/Src/usbd_midi.o
 .text.USBD_MIDI_EP0_TxReady
                0x0000000008006cbe       0x16 Middlewares/ST/STM32_USB_Device_Library/Class/MIDI/Src/usbd_midi.o
 .text.USBD_MIDI_SOF
                0x0000000008006cd4       0x74 Middlewares/ST/STM32_USB_Device_Library/Class/MIDI/Src/usbd_midi.o
 .text.USBD_MIDI_FlushTX
                0x0000000008006d48       0x74 Middlewares/ST/STM32_USB_Device_Library/Class/MIDI/Src/usbd_midi.o
 .text.USBD_MIDI_SetupTransfer
                0x0000000008006dbc       0xc8 Middlewares/ST/STM32_USB_Device_Library/Class/MIDI/Src/usbd_midi.o
 .text.USBD_MIDI_IsoINIncomplete
                0x0000000008006e84       0x1a Middlewares/ST/STM32_USB_Device_Library/Class/MIDI/Src/usbd_midi.o
 .text.USBD_MIDI_IsoOutIncomplete
                0x0000000008006e9e       0x1a Middlewares/ST/STM32_USB_Device_Library/Class/MIDI/Src/usbd_midi.o
 .text.USBD_MIDI_DataOut
                0x0000000008006eb8       0x7e Middlewares/ST/STM32_USB_Device_Library/Class/MIDI/Src/usbd_midi.o
 *fill*         0x0000000008006f36        0x2 
 .text.USBD_MIDI_GetDeviceQualifierDesc
                0x0000000008006f38       0x20 Middlewares/ST/STM32_USB_Device_Library/Class/MIDI/Src/usbd_midi.o
 .text.USBD_MIDI_RegisterInterface
                0x0000000008006f58       0x26 Middlewares/ST/STM32_USB_Device_Library/Class/MIDI/Src/usbd_midi.o
                0x0000000008006f58                USBD_MIDI_RegisterInterface
 .text.USBD_MIDI_SendEvent
                0x0000000008006f7e       0x82 Middlewares/ST/STM32_USB_Device_Library/Class/MIDI/Src/usbd_midi.o
                0x0000000008006f7e                USBD_MIDI_SendEvent
 .text.USBD_Init
                0x0000000008007000       0x60 Middlewares/ST/STM32_USB_Device_Library/Core/Src/usbd_core.o
                0x0000000008007000                USBD_Init
 .text.USBD_RegisterClass
                0x0000000008007060       0x4e Middlewares/ST/STM32_USB_Device_Library/Core/Src/usbd_core.o
                0x0000000008007060                USBD_RegisterClass
 .text.USBD_Start
                0x00000000080070ae       0x18 Middlewares/ST/STM32_USB_Device_Library/Core/Src/usbd_core.o
                0x00000000080070ae                USBD_Start
 .text.USBD_RunTestMode
                0x00000000080070c6       0x16 Middlewares/ST/STM32_USB_Device_Library/Core/Src/usbd_core.o
                0x00000000080070c6                USBD_RunTestMode
 .text.USBD_SetClassConfig
                0x00000000080070dc       0x38 Middlewares/ST/STM32_USB_Device_Library/Core/Src/usbd_core.o
                0x00000000080070dc                USBD_SetClassConfig
 .text.USBD_ClrClassConfig
                0x0000000008007114       0x30 Middlewares/ST/STM32_USB_Device_Library/Core/Src/usbd_core.o
                0x0000000008007114                USBD_ClrClassConfig
 .text.USBD_LL_SetupStage
                0x0000000008007144       0xaa Middlewares/ST/STM32_USB_Device_Library/Core/Src/usbd_core.o
                0x0000000008007144                USBD_LL_SetupStage
 .text.USBD_LL_DataOutStage
                0x00000000080071ee       0xc6 Middlewares/ST/STM32_USB_Device_Library/Core/Src/usbd_core.o
                0x00000000080071ee                USBD_LL_DataOutStage
 .text.USBD_LL_DataInStage
                0x00000000080072b4      0x12c Middlewares/ST/STM32_USB_Device_Library/Core/Src/usbd_core.o
                0x00000000080072b4                USBD_LL_DataInStage
 .text.USBD_LL_Reset
                0x00000000080073e0       0x9c Middlewares/ST/STM32_USB_Device_Library/Core/Src/usbd_core.o
                0x00000000080073e0                USBD_LL_Reset
 .text.USBD_LL_SetSpeed
                0x000000000800747c       0x20 Middlewares/ST/STM32_USB_Device_Library/Core/Src/usbd_core.o
                0x000000000800747c                USBD_LL_SetSpeed
 .text.USBD_LL_Suspend
                0x000000000800749c       0x2c Middlewares/ST/STM32_USB_Device_Library/Core/Src/usbd_core.o
                0x000000000800749c                USBD_LL_Suspend
 .text.USBD_LL_Resume
                0x00000000080074c8       0x30 Middlewares/ST/STM32_USB_Device_Library/Core/Src/usbd_core.o
                0x00000000080074c8                USBD_LL_Resume
 .text.USBD_LL_SOF
                0x00000000080074f8       0x44 Middlewares/ST/STM32_USB_Device_Library/Core/Src/usbd_core.o
                0x00000000080074f8                USBD_LL_SOF
 .text.SWAPBYTE
                0x000000000800753c       0x3c Middlewares/ST/STM32_USB_Device_Library/Core/Src/usbd_ctlreq.o
 .text.USBD_StdDevReq
                0x0000000008007578       0xdc Middlewares/ST/STM32_USB_Device_Library/Core/Src/usbd_ctlreq.o
                0x0000000008007578                USBD_StdDevReq
 .text.USBD_StdItfReq
                0x0000000008007654       0x92 Middlewares/ST/STM32_USB_Device_Library/Core/Src/usbd_ctlreq.o
                0x0000000008007654                USBD_StdItfReq
 .text.USBD_StdEPReq
                0x00000000080076e6      0x2c4 Middlewares/ST/STM32_USB_Device_Library/Core/Src/usbd_ctlreq.o
                0x00000000080076e6                USBD_StdEPReq
 *fill*         0x00000000080079aa        0x2 
 .text.USBD_GetDescriptor
                0x00000000080079ac      0x328 Middlewares/ST/STM32_USB_Device_Library/Core/Src/usbd_ctlreq.o
 .text.USBD_SetAddress
                0x0000000008007cd4       0x88 Middlewares/ST/STM32_USB_Device_Library/Core/Src/usbd_ctlreq.o
 .text.USBD_SetConfig
                0x0000000008007d5c      0x14c Middlewares/ST/STM32_USB_Device_Library/Core/Src/usbd_ctlreq.o
 .text.USBD_GetConfig
                0x0000000008007ea8       0x6c Middlewares/ST/STM32_USB_Device_Library/Core/Src/usbd_ctlreq.o
 .text.USBD_GetStatus
                0x0000000008007f14       0x68 Middlewares/ST/STM32_USB_Device_Library/Core/Src/usbd_ctlreq.o
 .text.USBD_SetFeature
                0x0000000008007f7c       0x28 Middlewares/ST/STM32_USB_Device_Library/Core/Src/usbd_ctlreq.o
 .text.USBD_ClrFeature
                0x0000000008007fa4       0x44 Middlewares/ST/STM32_USB_Device_Library/Core/Src/usbd_ctlreq.o
 .text.USBD_ParseSetupRequest
                0x0000000008007fe8       0x74 Middlewares/ST/STM32_USB_Device_Library/Core/Src/usbd_ctlreq.o
                0x0000000008007fe8                USBD_ParseSetupRequest
 .text.USBD_CtlError
                0x000000000800805c       0x22 Middlewares/ST/STM32_USB_Device_Library/Core/Src/usbd_ctlreq.o
                0x000000000800805c                USBD_CtlError
 .text.USBD_GetString
                0x000000000800807e       0x8c Middlewares/ST/STM32_USB_Device_Library/Core/Src/usbd_ctlreq.o
                0x000000000800807e                USBD_GetString
 .text.USBD_GetLen
                0x000000000800810a       0x34 Middlewares/ST/STM32_USB_Device_Library/Core/Src/usbd_ctlreq.o
 .text.USBD_CtlSendData
                0x000000000800813e       0x36 Middlewares/ST/STM32_USB_Device_Library/Core/Src/usbd_ioreq.o
                0x000000000800813e                USBD_CtlSendData
 .text.USBD_CtlContinueSendData
                0x0000000008008174       0x22 Middlewares/ST/STM32_USB_Device_Library/Core/Src/usbd_ioreq.o
                0x0000000008008174                USBD_CtlContinueSendData
 .text.USBD_CtlContinueRx
                0x0000000008008196       0x22 Middlewares/ST/STM32_USB_Device_Library/Core/Src/usbd_ioreq.o
                0x0000000008008196                USBD_CtlContinueRx
 .text.USBD_CtlSendStatus
                0x00000000080081b8       0x26 Middlewares/ST/STM32_USB_Device_Library/Core/Src/usbd_ioreq.o
                0x00000000080081b8                USBD_CtlSendStatus
 .text.USBD_CtlReceiveStatus
                0x00000000080081de       0x26 Middlewares/ST/STM32_USB_Device_Library/Core/Src/usbd_ioreq.o
                0x00000000080081de                USBD_CtlReceiveStatus
 .text.MX_USB_DEVICE_Init
                0x0000000008008204       0x38 USB_DEVICE/App/usb_device.o
                0x0000000008008204                MX_USB_DEVICE_Init
 .text.USBD_FS_DeviceDescriptor
                0x000000000800823c       0x24 USB_DEVICE/App/usbd_desc.o
                0x000000000800823c                USBD_FS_DeviceDescriptor
 .text.USBD_FS_LangIDStrDescriptor
                0x0000000008008260       0x24 USB_DEVICE/App/usbd_desc.o
                0x0000000008008260                USBD_FS_LangIDStrDescriptor
 .text.USBD_FS_ProductStrDescriptor
                0x0000000008008284       0x3c USB_DEVICE/App/usbd_desc.o
                0x0000000008008284                USBD_FS_ProductStrDescriptor
 .text.USBD_FS_ManufacturerStrDescriptor
                0x00000000080082c0       0x28 USB_DEVICE/App/usbd_desc.o
                0x00000000080082c0                USBD_FS_ManufacturerStrDescriptor
 .text.USBD_FS_SerialStrDescriptor
                0x00000000080082e8       0x24 USB_DEVICE/App/usbd_desc.o
                0x00000000080082e8                USBD_FS_SerialStrDescriptor
 .text.USBD_FS_ConfigStrDescriptor
                0x000000000800830c       0x3c USB_DEVICE/App/usbd_desc.o
                0x000000000800830c                USBD_FS_ConfigStrDescriptor
 .text.USBD_FS_InterfaceStrDescriptor
                0x0000000008008348       0x3c USB_DEVICE/App/usbd_desc.o
                0x0000000008008348                USBD_FS_InterfaceStrDescriptor
 .text.USBD_FS_USR_BOSDescriptor
                0x0000000008008384       0x24 USB_DEVICE/App/usbd_desc.o
                0x0000000008008384                USBD_FS_USR_BOSDescriptor
 .text.Get_SerialNum
                0x00000000080083a8       0x58 USB_DEVICE/App/usbd_desc.o
 .text.IntToUnicode
                0x0000000008008400       0x7e USB_DEVICE/App/usbd_desc.o
 *fill*         0x000000000800847e        0x2 
 .text.HAL_PCD_MspInit
                0x0000000008008480       0x98 USB_DEVICE/Target/usbd_conf.o
                0x0000000008008480                HAL_PCD_MspInit
 .text.HAL_PCD_SetupStageCallback
                0x0000000008008518       0x24 USB_DEVICE/Target/usbd_conf.o
                0x0000000008008518                HAL_PCD_SetupStageCallback
 .text.HAL_PCD_DataOutStageCallback
                0x000000000800853c       0x36 USB_DEVICE/Target/usbd_conf.o
                0x000000000800853c                HAL_PCD_DataOutStageCallback
 .text.HAL_PCD_DataInStageCallback
                0x0000000008008572       0x34 USB_DEVICE/Target/usbd_conf.o
                0x0000000008008572                HAL_PCD_DataInStageCallback
 .text.HAL_PCD_SOFCallback
                0x00000000080085a6       0x1c USB_DEVICE/Target/usbd_conf.o
                0x00000000080085a6                HAL_PCD_SOFCallback
 .text.HAL_PCD_ResetCallback
                0x00000000080085c2       0x3c USB_DEVICE/Target/usbd_conf.o
                0x00000000080085c2                HAL_PCD_ResetCallback
 *fill*         0x00000000080085fe        0x2 
 .text.HAL_PCD_SuspendCallback
                0x0000000008008600       0x34 USB_DEVICE/Target/usbd_conf.o
                0x0000000008008600                HAL_PCD_SuspendCallback
 .text.HAL_PCD_ResumeCallback
                0x0000000008008634       0x38 USB_DEVICE/Target/usbd_conf.o
                0x0000000008008634                HAL_PCD_ResumeCallback
 .text.USBD_LL_Init
                0x000000000800866c       0x90 USB_DEVICE/Target/usbd_conf.o
                0x000000000800866c                USBD_LL_Init
 .text.USBD_LL_Start
                0x00000000080086fc       0x64 USB_DEVICE/Target/usbd_conf.o
                0x00000000080086fc                USBD_LL_Start
 .text.USBD_LL_OpenEP
                0x0000000008008760       0x7c USB_DEVICE/Target/usbd_conf.o
                0x0000000008008760                USBD_LL_OpenEP
 .text.USBD_LL_CloseEP
                0x00000000080087dc       0x6c USB_DEVICE/Target/usbd_conf.o
                0x00000000080087dc                USBD_LL_CloseEP
 .text.USBD_LL_FlushEP
                0x0000000008008848       0x6c USB_DEVICE/Target/usbd_conf.o
                0x0000000008008848                USBD_LL_FlushEP
 .text.USBD_LL_StallEP
                0x00000000080088b4       0x6c USB_DEVICE/Target/usbd_conf.o
                0x00000000080088b4                USBD_LL_StallEP
 .text.USBD_LL_ClearStallEP
                0x0000000008008920       0x6c USB_DEVICE/Target/usbd_conf.o
                0x0000000008008920                USBD_LL_ClearStallEP
 .text.USBD_LL_IsStallEP
                0x000000000800898c       0x5a USB_DEVICE/Target/usbd_conf.o
                0x000000000800898c                USBD_LL_IsStallEP
 *fill*         0x00000000080089e6        0x2 
 .text.USBD_LL_SetUSBAddress
                0x00000000080089e8       0x6c USB_DEVICE/Target/usbd_conf.o
                0x00000000080089e8                USBD_LL_SetUSBAddress
 .text.USBD_LL_Transmit
                0x0000000008008a54       0x70 USB_DEVICE/Target/usbd_conf.o
                0x0000000008008a54                USBD_LL_Transmit
 .text.USBD_LL_PrepareReceive
                0x0000000008008ac4       0x70 USB_DEVICE/Target/usbd_conf.o
                0x0000000008008ac4                USBD_LL_PrepareReceive
 .text.USBD_LL_GetRxDataSize
                0x0000000008008b34       0x26 USB_DEVICE/Target/usbd_conf.o
                0x0000000008008b34                USBD_LL_GetRxDataSize
 *fill*         0x0000000008008b5a        0x2 
 .text.HAL_PCDEx_LPM_Callback
                0x0000000008008b5c       0x6c USB_DEVICE/Target/usbd_conf.o
                0x0000000008008b5c                HAL_PCDEx_LPM_Callback
 .text.USBD_static_malloc
                0x0000000008008bc8       0x1c USB_DEVICE/Target/usbd_conf.o
                0x0000000008008bc8                USBD_static_malloc
 .text.USBD_static_free
                0x0000000008008be4       0x14 USB_DEVICE/Target/usbd_conf.o
                0x0000000008008be4                USBD_static_free
 .text.SystemClockConfig_Resume
                0x0000000008008bf8        0xc USB_DEVICE/Target/usbd_conf.o
 .text.__libc_init_array
                0x0000000008008c04       0x48 /opt/st/stm32cubeide_1.6.1/plugins/com.st.stm32cube.ide.mcu.externaltools.gnu-tools-for-stm32.9-2020-q2-update.linux64_1.5.0.202011040924/tools/bin/../lib/gcc/arm-none-eabi/9.3.1/../../../../arm-none-eabi/lib/thumb/v7e-m+fp/hard/libc_nano.a(lib_a-init.o)
                0x0000000008008c04                __libc_init_array
 .text.memset   0x0000000008008c4c       0x10 /opt/st/stm32cubeide_1.6.1/plugins/com.st.stm32cube.ide.mcu.externaltools.gnu-tools-for-stm32.9-2020-q2-update.linux64_1.5.0.202011040924/tools/bin/../lib/gcc/arm-none-eabi/9.3.1/../../../../arm-none-eabi/lib/thumb/v7e-m+fp/hard/libc_nano.a(lib_a-memset.o)
                0x0000000008008c4c                memset
 *(.glue_7)
 .glue_7        0x0000000008008c5c        0x0 linker stubs
 *(.glue_7t)
 .glue_7t       0x0000000008008c5c        0x0 linker stubs
 *(.eh_frame)
 .eh_frame      0x0000000008008c5c        0x0 /opt/st/stm32cubeide_1.6.1/plugins/com.st.stm32cube.ide.mcu.externaltools.gnu-tools-for-stm32.9-2020-q2-update.linux64_1.5.0.202011040924/tools/bin/../lib/gcc/arm-none-eabi/9.3.1/thumb/v7e-m+fp/hard/crtbegin.o
 *(.init)
 .init          0x0000000008008c5c        0x4 /opt/st/stm32cubeide_1.6.1/plugins/com.st.stm32cube.ide.mcu.externaltools.gnu-tools-for-stm32.9-2020-q2-update.linux64_1.5.0.202011040924/tools/bin/../lib/gcc/arm-none-eabi/9.3.1/thumb/v7e-m+fp/hard/crti.o
                0x0000000008008c5c                _init
 .init          0x0000000008008c60        0x8 /opt/st/stm32cubeide_1.6.1/plugins/com.st.stm32cube.ide.mcu.externaltools.gnu-tools-for-stm32.9-2020-q2-update.linux64_1.5.0.202011040924/tools/bin/../lib/gcc/arm-none-eabi/9.3.1/thumb/v7e-m+fp/hard/crtn.o
 *(.fini)
 .fini          0x0000000008008c68        0x4 /opt/st/stm32cubeide_1.6.1/plugins/com.st.stm32cube.ide.mcu.externaltools.gnu-tools-for-stm32.9-2020-q2-update.linux64_1.5.0.202011040924/tools/bin/../lib/gcc/arm-none-eabi/9.3.1/thumb/v7e-m+fp/hard/crti.o
                0x0000000008008c68                _fini
 .fini          0x0000000008008c6c        0x8 /opt/st/stm32cubeide_1.6.1/plugins/com.st.stm32cube.ide.mcu.externaltools.gnu-tools-for-stm32.9-2020-q2-update.linux64_1.5.0.202011040924/tools/bin/../lib/gcc/arm-none-eabi/9.3.1/thumb/v7e-m+fp/hard/crtn.o
                0x0000000008008c74                . = ALIGN (0x4)
                0x0000000008008c74                _etext = .

.vfp11_veneer   0x0000000008008c74        0x0
 .vfp11_veneer  0x0000000008008c74        0x0 linker stubs

.v4_bx          0x0000000008008c74        0x0
 .v4_bx         0x0000000008008c74        0x0 linker stubs

.iplt           0x0000000008008c74        0x0
 .iplt          0x0000000008008c74        0x0 /opt/st/stm32cubeide_1.6.1/plugins/com.st.stm32cube.ide.mcu.externaltools.gnu-tools-for-stm32.9-2020-q2-update.linux64_1.5.0.202011040924/tools/bin/../lib/gcc/arm-none-eabi/9.3.1/thumb/v7e-m+fp/hard/crtbegin.o

.rodata         0x0000000008008c74       0x88
                0x0000000008008c74                . = ALIGN (0x4)
 *(.rodata)
 .rodata        0x0000000008008c74       0x48 USB_DEVICE/App/usbd_desc.o
 *(.rodata*)
 .rodata.AHBPrescTable
                0x0000000008008cbc       0x10 Core/Src/system_stm32l4xx.o
                0x0000000008008cbc                AHBPrescTable
 .rodata.MSIRangeTable
                0x0000000008008ccc       0x30 Core/Src/system_stm32l4xx.o
                0x0000000008008ccc                MSIRangeTable
                0x0000000008008cfc                . = ALIGN (0x4)

.rel.dyn        0x0000000008008cfc        0x0
 .rel.iplt      0x0000000008008cfc        0x0 /opt/st/stm32cubeide_1.6.1/plugins/com.st.stm32cube.ide.mcu.externaltools.gnu-tools-for-stm32.9-2020-q2-update.linux64_1.5.0.202011040924/tools/bin/../lib/gcc/arm-none-eabi/9.3.1/thumb/v7e-m+fp/hard/crtbegin.o

.ARM.extab      0x0000000008008cfc        0x0
                0x0000000008008cfc                . = ALIGN (0x4)
 *(.ARM.extab* .gnu.linkonce.armextab.*)
                0x0000000008008cfc                . = ALIGN (0x4)

.ARM            0x0000000008008cfc        0x0
                0x0000000008008cfc                . = ALIGN (0x4)
                0x0000000008008cfc                __exidx_start = .
 *(.ARM.exidx*)
                0x0000000008008cfc                __exidx_end = .
                0x0000000008008cfc                . = ALIGN (0x4)

.preinit_array  0x0000000008008cfc        0x0
                0x0000000008008cfc                . = ALIGN (0x4)
                0x0000000008008cfc                PROVIDE (__preinit_array_start = .)
 *(.preinit_array*)
                0x0000000008008cfc                PROVIDE (__preinit_array_end = .)
                0x0000000008008cfc                . = ALIGN (0x4)

.init_array     0x0000000008008cfc        0x4
                0x0000000008008cfc                . = ALIGN (0x4)
                0x0000000008008cfc                PROVIDE (__init_array_start = .)
 *(SORT_BY_NAME(.init_array.*))
 *(.init_array*)
 .init_array    0x0000000008008cfc        0x4 /opt/st/stm32cubeide_1.6.1/plugins/com.st.stm32cube.ide.mcu.externaltools.gnu-tools-for-stm32.9-2020-q2-update.linux64_1.5.0.202011040924/tools/bin/../lib/gcc/arm-none-eabi/9.3.1/thumb/v7e-m+fp/hard/crtbegin.o
                0x0000000008008d00                PROVIDE (__init_array_end = .)
                0x0000000008008d00                . = ALIGN (0x4)

.fini_array     0x0000000008008d00        0x4
                0x0000000008008d00                . = ALIGN (0x4)
                [!provide]                        PROVIDE (__fini_array_start = .)
 *(SORT_BY_NAME(.fini_array.*))
 *(.fini_array*)
 .fini_array    0x0000000008008d00        0x4 /opt/st/stm32cubeide_1.6.1/plugins/com.st.stm32cube.ide.mcu.externaltools.gnu-tools-for-stm32.9-2020-q2-update.linux64_1.5.0.202011040924/tools/bin/../lib/gcc/arm-none-eabi/9.3.1/thumb/v7e-m+fp/hard/crtbegin.o
                [!provide]                        PROVIDE (__fini_array_end = .)
                0x0000000008008d04                . = ALIGN (0x4)
                0x0000000008008d04                _sidata = LOADADDR (.data)

.data           0x0000000020000000      0x130 load address 0x0000000008008d04
                0x0000000020000000                . = ALIGN (0x4)
                0x0000000020000000                _sdata = .
 *(.data)
 *(.data*)
 .data.module_mode
                0x0000000020000000        0x4 Core/Src/main.o
                0x0000000020000000                module_mode
 .data.I2C_address
                0x0000000020000004        0x1 Core/Src/main.o
                0x0000000020000004                I2C_address
 *fill*         0x0000000020000005        0x3 
 .data.SystemCoreClock
                0x0000000020000008        0x4 Core/Src/system_stm32l4xx.o
                0x0000000020000008                SystemCoreClock
 .data.USBD_MIDI_fops_FS
                0x000000002000000c       0x10 Core/Src/usbd_midi_if.o
                0x000000002000000c                USBD_MIDI_fops_FS
 .data.uwTickPrio
                0x000000002000001c        0x4 Drivers/STM32L4xx_HAL_Driver/Src/stm32l4xx_hal.o
                0x000000002000001c                uwTickPrio
 .data.uwTickFreq
                0x0000000020000020        0x1 Drivers/STM32L4xx_HAL_Driver/Src/stm32l4xx_hal.o
                0x0000000020000020                uwTickFreq
 *fill*         0x0000000020000021        0x3 
 .data.USBD_MIDI
                0x0000000020000024       0x38 Middlewares/ST/STM32_USB_Device_Library/Class/MIDI/Src/usbd_midi.o
                0x0000000020000024                USBD_MIDI
 .data.USBD_MIDI_CfgDesc
                0x000000002000005c       0x65 Middlewares/ST/STM32_USB_Device_Library/Class/MIDI/Src/usbd_midi.o
 *fill*         0x00000000200000c1        0x3 
 .data.USBD_MIDI_DeviceQualifierDesc
                0x00000000200000c4        0xa Middlewares/ST/STM32_USB_Device_Library/Class/MIDI/Src/usbd_midi.o
 *fill*         0x00000000200000ce        0x2 
 .data.FS_Desc  0x00000000200000d0       0x20 USB_DEVICE/App/usbd_desc.o
                0x00000000200000d0                FS_Desc
 .data.USBD_FS_DeviceDesc
                0x00000000200000f0       0x12 USB_DEVICE/App/usbd_desc.o
                0x00000000200000f0                USBD_FS_DeviceDesc
 *fill*         0x0000000020000102        0x2 
 .data.USBD_FS_BOSDesc
                0x0000000020000104        0xc USB_DEVICE/App/usbd_desc.o
                0x0000000020000104                USBD_FS_BOSDesc
 .data.USBD_LangIDDesc
                0x0000000020000110        0x4 USB_DEVICE/App/usbd_desc.o
                0x0000000020000110                USBD_LangIDDesc
 .data.USBD_StringSerial
                0x0000000020000114       0x1a USB_DEVICE/App/usbd_desc.o
                0x0000000020000114                USBD_StringSerial
 *(.RamFunc)
 *(.RamFunc*)
                0x0000000020000130                . = ALIGN (0x4)
 *fill*         0x000000002000012e        0x2 
                0x0000000020000130                _edata = .

.igot.plt       0x0000000020000130        0x0 load address 0x0000000008008e34
 .igot.plt      0x0000000020000130        0x0 /opt/st/stm32cubeide_1.6.1/plugins/com.st.stm32cube.ide.mcu.externaltools.gnu-tools-for-stm32.9-2020-q2-update.linux64_1.5.0.202011040924/tools/bin/../lib/gcc/arm-none-eabi/9.3.1/thumb/v7e-m+fp/hard/crtbegin.o
                0x0000000020000130                . = ALIGN (0x4)

.bss            0x0000000020000130     0x245c load address 0x0000000008008e34
                0x0000000020000130                _sbss = .
                0x0000000020000130                __bss_start__ = _sbss
 *(.bss)
 .bss           0x0000000020000130       0x1c /opt/st/stm32cubeide_1.6.1/plugins/com.st.stm32cube.ide.mcu.externaltools.gnu-tools-for-stm32.9-2020-q2-update.linux64_1.5.0.202011040924/tools/bin/../lib/gcc/arm-none-eabi/9.3.1/thumb/v7e-m+fp/hard/crtbegin.o
 *(.bss*)
 .bss.slave_number
                0x000000002000014c        0x4 Core/Src/main.o
                0x000000002000014c                slave_number
 .bss.encoder0PinALast
                0x0000000020000150        0x4 Core/Src/main.o
                0x0000000020000150                encoder0PinALast
 .bss.encoder0Pos
                0x0000000020000154        0x1 Core/Src/main.o
                0x0000000020000154                encoder0Pos
 .bss.cfgidx.10180
                0x0000000020000155        0x1 Middlewares/ST/STM32_USB_Device_Library/Core/Src/usbd_ctlreq.o
 *fill*         0x0000000020000156        0x2 
 .bss.mem.10332
                0x0000000020000158     0x1bd0 USB_DEVICE/Target/usbd_conf.o
 *(COMMON)
 COMMON         0x0000000020001d28       0x9c Core/Src/main.o
                0x0000000020001d28                n
                0x0000000020001d2c                slave_address
                0x0000000020001d6c                hi2c1
                0x0000000020001db8                exti_msg
 COMMON         0x0000000020001dc4        0x4 Drivers/STM32L4xx_HAL_Driver/Src/stm32l4xx_hal.o
                0x0000000020001dc4                uwTick
 COMMON         0x0000000020001dc8      0x2d0 USB_DEVICE/App/usb_device.o
                0x0000000020001dc8                hUsbDeviceFS
 COMMON         0x0000000020002098      0x200 USB_DEVICE/App/usbd_desc.o
                0x0000000020002098                USBD_StrDesc
 COMMON         0x0000000020002298      0x2f4 USB_DEVICE/Target/usbd_conf.o
                0x0000000020002298                hpcd_USB_FS
                0x000000002000258c                . = ALIGN (0x4)
                0x000000002000258c                _ebss = .
                0x000000002000258c                __bss_end__ = _ebss

._user_heap_stack
                0x000000002000258c      0x604 load address 0x0000000008008e34
                0x0000000020002590                . = ALIGN (0x8)
 *fill*         0x000000002000258c        0x4 
                [!provide]                        PROVIDE (end = .)
                0x0000000020002590                PROVIDE (_end = .)
                0x0000000020002790                . = (. + _Min_Heap_Size)
 *fill*         0x0000000020002590      0x200 
                0x0000000020002b90                . = (. + _Min_Stack_Size)
 *fill*         0x0000000020002790      0x400 
                0x0000000020002b90                . = ALIGN (0x8)

/DISCARD/
 libc.a(*)
 libm.a(*)
 libgcc.a(*)

.ARM.attributes
                0x0000000000000000       0x30
 *(.ARM.attributes)
 .ARM.attributes
                0x0000000000000000       0x1e /opt/st/stm32cubeide_1.6.1/plugins/com.st.stm32cube.ide.mcu.externaltools.gnu-tools-for-stm32.9-2020-q2-update.linux64_1.5.0.202011040924/tools/bin/../lib/gcc/arm-none-eabi/9.3.1/thumb/v7e-m+fp/hard/crti.o
 .ARM.attributes
                0x000000000000001e       0x34 /opt/st/stm32cubeide_1.6.1/plugins/com.st.stm32cube.ide.mcu.externaltools.gnu-tools-for-stm32.9-2020-q2-update.linux64_1.5.0.202011040924/tools/bin/../lib/gcc/arm-none-eabi/9.3.1/thumb/v7e-m+fp/hard/crtbegin.o
 .ARM.attributes
                0x0000000000000052       0x34 Core/Src/main.o
 .ARM.attributes
                0x0000000000000086       0x34 Core/Src/stm32l4xx_hal_msp.o
 .ARM.attributes
                0x00000000000000ba       0x34 Core/Src/stm32l4xx_it.o
 .ARM.attributes
                0x00000000000000ee       0x34 Core/Src/system_stm32l4xx.o
 .ARM.attributes
                0x0000000000000122       0x34 Core/Src/usbd_midi_if.o
 .ARM.attributes
                0x0000000000000156       0x21 Core/Startup/startup_stm32l412kbux.o
 .ARM.attributes
                0x0000000000000177       0x34 Drivers/STM32L4xx_HAL_Driver/Src/stm32l4xx_hal.o
 .ARM.attributes
                0x00000000000001ab       0x34 Drivers/STM32L4xx_HAL_Driver/Src/stm32l4xx_hal_cortex.o
 .ARM.attributes
                0x00000000000001df       0x34 Drivers/STM32L4xx_HAL_Driver/Src/stm32l4xx_hal_gpio.o
 .ARM.attributes
                0x0000000000000213       0x34 Drivers/STM32L4xx_HAL_Driver/Src/stm32l4xx_hal_i2c.o
 .ARM.attributes
                0x0000000000000247       0x34 Drivers/STM32L4xx_HAL_Driver/Src/stm32l4xx_hal_i2c_ex.o
 .ARM.attributes
                0x000000000000027b       0x34 Drivers/STM32L4xx_HAL_Driver/Src/stm32l4xx_hal_pcd.o
 .ARM.attributes
                0x00000000000002af       0x34 Drivers/STM32L4xx_HAL_Driver/Src/stm32l4xx_hal_pcd_ex.o
 .ARM.attributes
                0x00000000000002e3       0x34 Drivers/STM32L4xx_HAL_Driver/Src/stm32l4xx_hal_pwr_ex.o
 .ARM.attributes
                0x0000000000000317       0x34 Drivers/STM32L4xx_HAL_Driver/Src/stm32l4xx_hal_rcc.o
 .ARM.attributes
                0x000000000000034b       0x34 Drivers/STM32L4xx_HAL_Driver/Src/stm32l4xx_hal_rcc_ex.o
 .ARM.attributes
                0x000000000000037f       0x34 Drivers/STM32L4xx_HAL_Driver/Src/stm32l4xx_ll_usb.o
 .ARM.attributes
                0x00000000000003b3       0x34 Middlewares/ST/STM32_USB_Device_Library/Class/MIDI/Src/usbd_midi.o
 .ARM.attributes
                0x00000000000003e7       0x34 Middlewares/ST/STM32_USB_Device_Library/Core/Src/usbd_core.o
 .ARM.attributes
                0x000000000000041b       0x34 Middlewares/ST/STM32_USB_Device_Library/Core/Src/usbd_ctlreq.o
 .ARM.attributes
                0x000000000000044f       0x34 Middlewares/ST/STM32_USB_Device_Library/Core/Src/usbd_ioreq.o
 .ARM.attributes
                0x0000000000000483       0x34 USB_DEVICE/App/usb_device.o
 .ARM.attributes
                0x00000000000004b7       0x34 USB_DEVICE/App/usbd_desc.o
 .ARM.attributes
                0x00000000000004eb       0x34 USB_DEVICE/Target/usbd_conf.o
 .ARM.attributes
                0x000000000000051f       0x34 /opt/st/stm32cubeide_1.6.1/plugins/com.st.stm32cube.ide.mcu.externaltools.gnu-tools-for-stm32.9-2020-q2-update.linux64_1.5.0.202011040924/tools/bin/../lib/gcc/arm-none-eabi/9.3.1/../../../../arm-none-eabi/lib/thumb/v7e-m+fp/hard/libc_nano.a(lib_a-init.o)
 .ARM.attributes
                0x0000000000000553       0x34 /opt/st/stm32cubeide_1.6.1/plugins/com.st.stm32cube.ide.mcu.externaltools.gnu-tools-for-stm32.9-2020-q2-update.linux64_1.5.0.202011040924/tools/bin/../lib/gcc/arm-none-eabi/9.3.1/../../../../arm-none-eabi/lib/thumb/v7e-m+fp/hard/libc_nano.a(lib_a-memset.o)
 .ARM.attributes
                0x0000000000000587       0x1e /opt/st/stm32cubeide_1.6.1/plugins/com.st.stm32cube.ide.mcu.externaltools.gnu-tools-for-stm32.9-2020-q2-update.linux64_1.5.0.202011040924/tools/bin/../lib/gcc/arm-none-eabi/9.3.1/thumb/v7e-m+fp/hard/crtn.o
OUTPUT(usbMidiTst2.elf elf32-littlearm)
LOAD linker stubs
LOAD /opt/st/stm32cubeide_1.6.1/plugins/com.st.stm32cube.ide.mcu.externaltools.gnu-tools-for-stm32.9-2020-q2-update.linux64_1.5.0.202011040924/tools/bin/../lib/gcc/arm-none-eabi/9.3.1/../../../../arm-none-eabi/lib/thumb/v7e-m+fp/hard/libc.a
LOAD /opt/st/stm32cubeide_1.6.1/plugins/com.st.stm32cube.ide.mcu.externaltools.gnu-tools-for-stm32.9-2020-q2-update.linux64_1.5.0.202011040924/tools/bin/../lib/gcc/arm-none-eabi/9.3.1/../../../../arm-none-eabi/lib/thumb/v7e-m+fp/hard/libm.a
LOAD /opt/st/stm32cubeide_1.6.1/plugins/com.st.stm32cube.ide.mcu.externaltools.gnu-tools-for-stm32.9-2020-q2-update.linux64_1.5.0.202011040924/tools/bin/../lib/gcc/arm-none-eabi/9.3.1/thumb/v7e-m+fp/hard/libgcc.a

.debug_info     0x0000000000000000    0x1a212
 .debug_info    0x0000000000000000     0x1d5e Core/Src/main.o
 .debug_info    0x0000000000001d5e      0xc3d Core/Src/stm32l4xx_hal_msp.o
 .debug_info    0x000000000000299b      0x890 Core/Src/stm32l4xx_it.o
 .debug_info    0x000000000000322b      0x787 Core/Src/system_stm32l4xx.o
 .debug_info    0x00000000000039b2     0x122e Core/Src/usbd_midi_if.o
 .debug_info    0x0000000000004be0       0x22 Core/Startup/startup_stm32l412kbux.o
 .debug_info    0x0000000000004c02      0xb44 Drivers/STM32L4xx_HAL_Driver/Src/stm32l4xx_hal.o
 .debug_info    0x0000000000005746      0xf98 Drivers/STM32L4xx_HAL_Driver/Src/stm32l4xx_hal_cortex.o
 .debug_info    0x00000000000066de      0xa5f Drivers/STM32L4xx_HAL_Driver/Src/stm32l4xx_hal_gpio.o
 .debug_info    0x000000000000713d     0x22fd Drivers/STM32L4xx_HAL_Driver/Src/stm32l4xx_hal_i2c.o
 .debug_info    0x000000000000943a      0xc37 Drivers/STM32L4xx_HAL_Driver/Src/stm32l4xx_hal_i2c_ex.o
 .debug_info    0x000000000000a071     0x15e0 Drivers/STM32L4xx_HAL_Driver/Src/stm32l4xx_hal_pcd.o
 .debug_info    0x000000000000b651      0xa8e Drivers/STM32L4xx_HAL_Driver/Src/stm32l4xx_hal_pcd_ex.o
 .debug_info    0x000000000000c0df      0xbc7 Drivers/STM32L4xx_HAL_Driver/Src/stm32l4xx_hal_pwr_ex.o
 .debug_info    0x000000000000cca6      0xdd3 Drivers/STM32L4xx_HAL_Driver/Src/stm32l4xx_hal_rcc.o
 .debug_info    0x000000000000da79      0xf01 Drivers/STM32L4xx_HAL_Driver/Src/stm32l4xx_hal_rcc_ex.o
 .debug_info    0x000000000000e97a     0x1b6e Drivers/STM32L4xx_HAL_Driver/Src/stm32l4xx_ll_usb.o
 .debug_info    0x00000000000104e8     0x1bd3 Middlewares/ST/STM32_USB_Device_Library/Class/MIDI/Src/usbd_midi.o
 .debug_info    0x00000000000120bb     0x1506 Middlewares/ST/STM32_USB_Device_Library/Core/Src/usbd_core.o
 .debug_info    0x00000000000135c1     0x14d2 Middlewares/ST/STM32_USB_Device_Library/Core/Src/usbd_ctlreq.o
 .debug_info    0x0000000000014a93     0x11f4 Middlewares/ST/STM32_USB_Device_Library/Core/Src/usbd_ioreq.o
 .debug_info    0x0000000000015c87     0x113c USB_DEVICE/App/usb_device.o
 .debug_info    0x0000000000016dc3      0xfb8 USB_DEVICE/App/usbd_desc.o
 .debug_info    0x0000000000017d7b     0x2497 USB_DEVICE/Target/usbd_conf.o

.debug_abbrev   0x0000000000000000     0x350f
 .debug_abbrev  0x0000000000000000      0x2e5 Core/Src/main.o
 .debug_abbrev  0x00000000000002e5      0x1b7 Core/Src/stm32l4xx_hal_msp.o
 .debug_abbrev  0x000000000000049c      0x173 Core/Src/stm32l4xx_it.o
 .debug_abbrev  0x000000000000060f      0x165 Core/Src/system_stm32l4xx.o
 .debug_abbrev  0x0000000000000774      0x246 Core/Src/usbd_midi_if.o
 .debug_abbrev  0x00000000000009ba       0x12 Core/Startup/startup_stm32l412kbux.o
 .debug_abbrev  0x00000000000009cc      0x20b Drivers/STM32L4xx_HAL_Driver/Src/stm32l4xx_hal.o
 .debug_abbrev  0x0000000000000bd7      0x33c Drivers/STM32L4xx_HAL_Driver/Src/stm32l4xx_hal_cortex.o
 .debug_abbrev  0x0000000000000f13      0x1e8 Drivers/STM32L4xx_HAL_Driver/Src/stm32l4xx_hal_gpio.o
 .debug_abbrev  0x00000000000010fb      0x256 Drivers/STM32L4xx_HAL_Driver/Src/stm32l4xx_hal_i2c.o
 .debug_abbrev  0x0000000000001351      0x1dd Drivers/STM32L4xx_HAL_Driver/Src/stm32l4xx_hal_i2c_ex.o
 .debug_abbrev  0x000000000000152e      0x29e Drivers/STM32L4xx_HAL_Driver/Src/stm32l4xx_hal_pcd.o
 .debug_abbrev  0x00000000000017cc      0x1d9 Drivers/STM32L4xx_HAL_Driver/Src/stm32l4xx_hal_pcd_ex.o
 .debug_abbrev  0x00000000000019a5      0x1f3 Drivers/STM32L4xx_HAL_Driver/Src/stm32l4xx_hal_pwr_ex.o
 .debug_abbrev  0x0000000000001b98      0x280 Drivers/STM32L4xx_HAL_Driver/Src/stm32l4xx_hal_rcc.o
 .debug_abbrev  0x0000000000001e18      0x230 Drivers/STM32L4xx_HAL_Driver/Src/stm32l4xx_hal_rcc_ex.o
 .debug_abbrev  0x0000000000002048      0x1fa Drivers/STM32L4xx_HAL_Driver/Src/stm32l4xx_ll_usb.o
 .debug_abbrev  0x0000000000002242      0x311 Middlewares/ST/STM32_USB_Device_Library/Class/MIDI/Src/usbd_midi.o
 .debug_abbrev  0x0000000000002553      0x2b7 Middlewares/ST/STM32_USB_Device_Library/Core/Src/usbd_core.o
 .debug_abbrev  0x000000000000280a      0x2fc Middlewares/ST/STM32_USB_Device_Library/Core/Src/usbd_ctlreq.o
 .debug_abbrev  0x0000000000002b06      0x22a Middlewares/ST/STM32_USB_Device_Library/Core/Src/usbd_ioreq.o
 .debug_abbrev  0x0000000000002d30      0x1f7 USB_DEVICE/App/usb_device.o
 .debug_abbrev  0x0000000000002f27      0x2aa USB_DEVICE/App/usbd_desc.o
 .debug_abbrev  0x00000000000031d1      0x33e USB_DEVICE/Target/usbd_conf.o

.debug_aranges  0x0000000000000000      0xf98
 .debug_aranges
                0x0000000000000000       0x40 Core/Src/main.o
 .debug_aranges
                0x0000000000000040       0x30 Core/Src/stm32l4xx_hal_msp.o
 .debug_aranges
                0x0000000000000070       0x68 Core/Src/stm32l4xx_it.o
 .debug_aranges
                0x00000000000000d8       0x28 Core/Src/system_stm32l4xx.o
 .debug_aranges
                0x0000000000000100       0x38 Core/Src/usbd_midi_if.o
 .debug_aranges
                0x0000000000000138       0x28 Core/Startup/startup_stm32l412kbux.o
 .debug_aranges
                0x0000000000000160      0x108 Drivers/STM32L4xx_HAL_Driver/Src/stm32l4xx_hal.o
 .debug_aranges
                0x0000000000000268      0x118 Drivers/STM32L4xx_HAL_Driver/Src/stm32l4xx_hal_cortex.o
 .debug_aranges
                0x0000000000000380       0x58 Drivers/STM32L4xx_HAL_Driver/Src/stm32l4xx_hal_gpio.o
 .debug_aranges
                0x00000000000003d8      0x290 Drivers/STM32L4xx_HAL_Driver/Src/stm32l4xx_hal_i2c.o
 .debug_aranges
                0x0000000000000668       0x48 Drivers/STM32L4xx_HAL_Driver/Src/stm32l4xx_hal_i2c_ex.o
 .debug_aranges
                0x00000000000006b0      0x130 Drivers/STM32L4xx_HAL_Driver/Src/stm32l4xx_hal_pcd.o
 .debug_aranges
                0x00000000000007e0       0x58 Drivers/STM32L4xx_HAL_Driver/Src/stm32l4xx_hal_pcd_ex.o
 .debug_aranges
                0x0000000000000838      0x148 Drivers/STM32L4xx_HAL_Driver/Src/stm32l4xx_hal_pwr_ex.o
 .debug_aranges
                0x0000000000000980       0x88 Drivers/STM32L4xx_HAL_Driver/Src/stm32l4xx_hal_rcc.o
 .debug_aranges
                0x0000000000000a08       0xd0 Drivers/STM32L4xx_HAL_Driver/Src/stm32l4xx_hal_rcc_ex.o
 .debug_aranges
                0x0000000000000ad8       0xf0 Drivers/STM32L4xx_HAL_Driver/Src/stm32l4xx_ll_usb.o
 .debug_aranges
                0x0000000000000bc8       0x98 Middlewares/ST/STM32_USB_Device_Library/Class/MIDI/Src/usbd_midi.o
 .debug_aranges
                0x0000000000000c60       0xb8 Middlewares/ST/STM32_USB_Device_Library/Core/Src/usbd_core.o
 .debug_aranges
                0x0000000000000d18       0x90 Middlewares/ST/STM32_USB_Device_Library/Core/Src/usbd_ctlreq.o
 .debug_aranges
                0x0000000000000da8       0x50 Middlewares/ST/STM32_USB_Device_Library/Core/Src/usbd_ioreq.o
 .debug_aranges
                0x0000000000000df8       0x20 USB_DEVICE/App/usb_device.o
 .debug_aranges
                0x0000000000000e18       0x68 USB_DEVICE/App/usbd_desc.o
 .debug_aranges
                0x0000000000000e80      0x118 USB_DEVICE/Target/usbd_conf.o

.debug_ranges   0x0000000000000000      0xe20
 .debug_ranges  0x0000000000000000       0x30 Core/Src/main.o
 .debug_ranges  0x0000000000000030       0x20 Core/Src/stm32l4xx_hal_msp.o
 .debug_ranges  0x0000000000000050       0x58 Core/Src/stm32l4xx_it.o
 .debug_ranges  0x00000000000000a8       0x18 Core/Src/system_stm32l4xx.o
 .debug_ranges  0x00000000000000c0       0x28 Core/Src/usbd_midi_if.o
 .debug_ranges  0x00000000000000e8       0x20 Core/Startup/startup_stm32l412kbux.o
 .debug_ranges  0x0000000000000108       0xf8 Drivers/STM32L4xx_HAL_Driver/Src/stm32l4xx_hal.o
 .debug_ranges  0x0000000000000200      0x108 Drivers/STM32L4xx_HAL_Driver/Src/stm32l4xx_hal_cortex.o
 .debug_ranges  0x0000000000000308       0x48 Drivers/STM32L4xx_HAL_Driver/Src/stm32l4xx_hal_gpio.o
 .debug_ranges  0x0000000000000350      0x280 Drivers/STM32L4xx_HAL_Driver/Src/stm32l4xx_hal_i2c.o
 .debug_ranges  0x00000000000005d0       0x38 Drivers/STM32L4xx_HAL_Driver/Src/stm32l4xx_hal_i2c_ex.o
 .debug_ranges  0x0000000000000608      0x120 Drivers/STM32L4xx_HAL_Driver/Src/stm32l4xx_hal_pcd.o
 .debug_ranges  0x0000000000000728       0x48 Drivers/STM32L4xx_HAL_Driver/Src/stm32l4xx_hal_pcd_ex.o
 .debug_ranges  0x0000000000000770      0x138 Drivers/STM32L4xx_HAL_Driver/Src/stm32l4xx_hal_pwr_ex.o
 .debug_ranges  0x00000000000008a8       0x78 Drivers/STM32L4xx_HAL_Driver/Src/stm32l4xx_hal_rcc.o
 .debug_ranges  0x0000000000000920       0xc0 Drivers/STM32L4xx_HAL_Driver/Src/stm32l4xx_hal_rcc_ex.o
 .debug_ranges  0x00000000000009e0       0xe0 Drivers/STM32L4xx_HAL_Driver/Src/stm32l4xx_ll_usb.o
 .debug_ranges  0x0000000000000ac0       0x88 Middlewares/ST/STM32_USB_Device_Library/Class/MIDI/Src/usbd_midi.o
 .debug_ranges  0x0000000000000b48       0xa8 Middlewares/ST/STM32_USB_Device_Library/Core/Src/usbd_core.o
 .debug_ranges  0x0000000000000bf0       0x80 Middlewares/ST/STM32_USB_Device_Library/Core/Src/usbd_ctlreq.o
 .debug_ranges  0x0000000000000c70       0x40 Middlewares/ST/STM32_USB_Device_Library/Core/Src/usbd_ioreq.o
 .debug_ranges  0x0000000000000cb0       0x10 USB_DEVICE/App/usb_device.o
 .debug_ranges  0x0000000000000cc0       0x58 USB_DEVICE/App/usbd_desc.o
 .debug_ranges  0x0000000000000d18      0x108 USB_DEVICE/Target/usbd_conf.o

.debug_macro    0x0000000000000000    0x1c462
 .debug_macro   0x0000000000000000      0x40a Core/Src/main.o
 .debug_macro   0x000000000000040a      0xaa8 Core/Src/main.o
 .debug_macro   0x0000000000000eb2      0x1a7 Core/Src/main.o
 .debug_macro   0x0000000000001059       0x2e Core/Src/main.o
 .debug_macro   0x0000000000001087       0x28 Core/Src/main.o
 .debug_macro   0x00000000000010af       0x22 Core/Src/main.o
 .debug_macro   0x00000000000010d1       0x8e Core/Src/main.o
 .debug_macro   0x000000000000115f       0x51 Core/Src/main.o
 .debug_macro   0x00000000000011b0      0x103 Core/Src/main.o
 .debug_macro   0x00000000000012b3       0x6a Core/Src/main.o
 .debug_macro   0x000000000000131d      0x1df Core/Src/main.o
 .debug_macro   0x00000000000014fc       0x1c Core/Src/main.o
 .debug_macro   0x0000000000001518       0x22 Core/Src/main.o
 .debug_macro   0x000000000000153a      0x101 Core/Src/main.o
 .debug_macro   0x000000000000163b     0x1011 Core/Src/main.o
 .debug_macro   0x000000000000264c      0x11f Core/Src/main.o
 .debug_macro   0x000000000000276b     0xe4aa Core/Src/main.o
 .debug_macro   0x0000000000010c15       0x43 Core/Src/main.o
 .debug_macro   0x0000000000010c58     0x3890 Core/Src/main.o
 .debug_macro   0x00000000000144e8      0x174 Core/Src/main.o
 .debug_macro   0x000000000001465c       0x5c Core/Src/main.o
 .debug_macro   0x00000000000146b8     0x101f Core/Src/main.o
 .debug_macro   0x00000000000156d7      0x494 Core/Src/main.o
 .debug_macro   0x0000000000015b6b      0x13d Core/Src/main.o
 .debug_macro   0x0000000000015ca8       0xd7 Core/Src/main.o
 .debug_macro   0x0000000000015d7f      0x26b Core/Src/main.o
 .debug_macro   0x0000000000015fea      0x23d Core/Src/main.o
 .debug_macro   0x0000000000016227      0x21d Core/Src/main.o
 .debug_macro   0x0000000000016444      0x375 Core/Src/main.o
 .debug_macro   0x00000000000167b9       0xd6 Core/Src/main.o
 .debug_macro   0x000000000001688f      0x22c Core/Src/main.o
 .debug_macro   0x0000000000016abb       0x61 Core/Src/main.o
 .debug_macro   0x0000000000016b1c       0xa5 Core/Src/main.o
 .debug_macro   0x0000000000016bc1       0x65 Core/Src/main.o
 .debug_macro   0x0000000000016c26      0x234 Core/Src/main.o
 .debug_macro   0x0000000000016e5a      0x122 Core/Src/main.o
 .debug_macro   0x0000000000016f7c      0x365 Core/Src/main.o
 .debug_macro   0x00000000000172e1      0x221 Core/Src/main.o
 .debug_macro   0x0000000000017502       0x52 Core/Src/main.o
 .debug_macro   0x0000000000017554       0x18 Core/Src/main.o
 .debug_macro   0x000000000001756c       0x3c Core/Src/main.o
 .debug_macro   0x00000000000175a8       0x34 Core/Src/main.o
 .debug_macro   0x00000000000175dc       0x16 Core/Src/main.o
 .debug_macro   0x00000000000175f2       0x35 Core/Src/main.o
 .debug_macro   0x0000000000017627      0x333 Core/Src/main.o
 .debug_macro   0x000000000001795a       0x10 Core/Src/main.o
 .debug_macro   0x000000000001796a       0x16 Core/Src/main.o
 .debug_macro   0x0000000000017980       0x43 Core/Src/main.o
 .debug_macro   0x00000000000179c3       0x34 Core/Src/main.o
 .debug_macro   0x00000000000179f7       0x10 Core/Src/main.o
 .debug_macro   0x0000000000017a07       0x58 Core/Src/main.o
 .debug_macro   0x0000000000017a5f       0x71 Core/Src/main.o
 .debug_macro   0x0000000000017ad0       0x1c Core/Src/main.o
 .debug_macro   0x0000000000017aec      0x12a Core/Src/main.o
 .debug_macro   0x0000000000017c16       0x10 Core/Src/main.o
 .debug_macro   0x0000000000017c26       0x1c Core/Src/main.o
 .debug_macro   0x0000000000017c42       0x52 Core/Src/main.o
 .debug_macro   0x0000000000017c94       0x22 Core/Src/main.o
 .debug_macro   0x0000000000017cb6       0x10 Core/Src/main.o
 .debug_macro   0x0000000000017cc6       0x40 Core/Src/main.o
 .debug_macro   0x0000000000017d06       0xd5 Core/Src/main.o
 .debug_macro   0x0000000000017ddb       0x1c Core/Src/main.o
 .debug_macro   0x0000000000017df7       0x3d Core/Src/main.o
 .debug_macro   0x0000000000017e34       0x16 Core/Src/main.o
 .debug_macro   0x0000000000017e4a      0x145 Core/Src/main.o
 .debug_macro   0x0000000000017f8f       0x16 Core/Src/main.o
 .debug_macro   0x0000000000017fa5       0x16 Core/Src/main.o
 .debug_macro   0x0000000000017fbb       0x29 Core/Src/main.o
 .debug_macro   0x0000000000017fe4       0x16 Core/Src/main.o
 .debug_macro   0x0000000000017ffa       0x20 Core/Src/main.o
 .debug_macro   0x000000000001801a       0x66 Core/Src/main.o
 .debug_macro   0x0000000000018080      0x1ef Core/Src/main.o
 .debug_macro   0x000000000001826f      0x158 Core/Src/main.o
 .debug_macro   0x00000000000183c7      0x1de Core/Src/stm32l4xx_hal_msp.o
 .debug_macro   0x00000000000185a5      0x1e8 Core/Src/stm32l4xx_it.o
 .debug_macro   0x000000000001878d      0x1d4 Core/Src/system_stm32l4xx.o
 .debug_macro   0x0000000000018961      0x3fa Core/Src/usbd_midi_if.o
 .debug_macro   0x0000000000018d5b       0x97 Core/Src/usbd_midi_if.o
 .debug_macro   0x0000000000018df2       0xfd Core/Src/usbd_midi_if.o
 .debug_macro   0x0000000000018eef       0xfb Core/Src/usbd_midi_if.o
 .debug_macro   0x0000000000018fea       0x56 Core/Src/usbd_midi_if.o
 .debug_macro   0x0000000000019040      0x21c Drivers/STM32L4xx_HAL_Driver/Src/stm32l4xx_hal.o
 .debug_macro   0x000000000001925c      0x1d4 Drivers/STM32L4xx_HAL_Driver/Src/stm32l4xx_hal_cortex.o
 .debug_macro   0x0000000000019430      0x213 Drivers/STM32L4xx_HAL_Driver/Src/stm32l4xx_hal_gpio.o
 .debug_macro   0x0000000000019643      0x299 Drivers/STM32L4xx_HAL_Driver/Src/stm32l4xx_hal_i2c.o
 .debug_macro   0x00000000000198dc      0x1d4 Drivers/STM32L4xx_HAL_Driver/Src/stm32l4xx_hal_i2c_ex.o
 .debug_macro   0x0000000000019ab0      0x1e0 Drivers/STM32L4xx_HAL_Driver/Src/stm32l4xx_hal_pcd.o
 .debug_macro   0x0000000000019c90      0x1d4 Drivers/STM32L4xx_HAL_Driver/Src/stm32l4xx_hal_pcd_ex.o
 .debug_macro   0x0000000000019e64      0x1f8 Drivers/STM32L4xx_HAL_Driver/Src/stm32l4xx_hal_pwr_ex.o
 .debug_macro   0x000000000001a05c      0x216 Drivers/STM32L4xx_HAL_Driver/Src/stm32l4xx_hal_rcc.o
 .debug_macro   0x000000000001a272      0x20a Drivers/STM32L4xx_HAL_Driver/Src/stm32l4xx_hal_rcc_ex.o
 .debug_macro   0x000000000001a47c      0x1d4 Drivers/STM32L4xx_HAL_Driver/Src/stm32l4xx_ll_usb.o
 .debug_macro   0x000000000001a650      0x407 Middlewares/ST/STM32_USB_Device_Library/Class/MIDI/Src/usbd_midi.o
 .debug_macro   0x000000000001aa57       0x1c Middlewares/ST/STM32_USB_Device_Library/Class/MIDI/Src/usbd_midi.o
 .debug_macro   0x000000000001aa73      0x3db Middlewares/ST/STM32_USB_Device_Library/Core/Src/usbd_core.o
 .debug_macro   0x000000000001ae4e      0x1f5 Middlewares/ST/STM32_USB_Device_Library/Core/Src/usbd_core.o
 .debug_macro   0x000000000001b043      0x3e5 Middlewares/ST/STM32_USB_Device_Library/Core/Src/usbd_ctlreq.o
 .debug_macro   0x000000000001b428      0x3e1 Middlewares/ST/STM32_USB_Device_Library/Core/Src/usbd_ioreq.o
 .debug_macro   0x000000000001b809      0x41b USB_DEVICE/App/usb_device.o
 .debug_macro   0x000000000001bc24       0x22 USB_DEVICE/App/usb_device.o
 .debug_macro   0x000000000001bc46      0x41e USB_DEVICE/App/usbd_desc.o
 .debug_macro   0x000000000001c064      0x3fe USB_DEVICE/Target/usbd_conf.o

.debug_line     0x0000000000000000    0x13a92
 .debug_line    0x0000000000000000      0xc76 Core/Src/main.o
 .debug_line    0x0000000000000c76      0x706 Core/Src/stm32l4xx_hal_msp.o
 .debug_line    0x000000000000137c      0x792 Core/Src/stm32l4xx_it.o
 .debug_line    0x0000000000001b0e      0x768 Core/Src/system_stm32l4xx.o
 .debug_line    0x0000000000002276      0xa34 Core/Src/usbd_midi_if.o
 .debug_line    0x0000000000002caa       0x87 Core/Startup/startup_stm32l412kbux.o
 .debug_line    0x0000000000002d31      0xa14 Drivers/STM32L4xx_HAL_Driver/Src/stm32l4xx_hal.o
 .debug_line    0x0000000000003745      0xc4e Drivers/STM32L4xx_HAL_Driver/Src/stm32l4xx_hal_cortex.o
 .debug_line    0x0000000000004393      0xab6 Drivers/STM32L4xx_HAL_Driver/Src/stm32l4xx_hal_gpio.o
 .debug_line    0x0000000000004e49     0x3278 Drivers/STM32L4xx_HAL_Driver/Src/stm32l4xx_hal_i2c.o
 .debug_line    0x00000000000080c1      0x8d5 Drivers/STM32L4xx_HAL_Driver/Src/stm32l4xx_hal_i2c_ex.o
 .debug_line    0x0000000000008996     0x12d7 Drivers/STM32L4xx_HAL_Driver/Src/stm32l4xx_hal_pcd.o
 .debug_line    0x0000000000009c6d      0x82c Drivers/STM32L4xx_HAL_Driver/Src/stm32l4xx_hal_pcd_ex.o
 .debug_line    0x000000000000a499      0xc04 Drivers/STM32L4xx_HAL_Driver/Src/stm32l4xx_hal_pwr_ex.o
 .debug_line    0x000000000000b09d      0xf72 Drivers/STM32L4xx_HAL_Driver/Src/stm32l4xx_hal_rcc.o
 .debug_line    0x000000000000c00f      0xf65 Drivers/STM32L4xx_HAL_Driver/Src/stm32l4xx_hal_rcc_ex.o
 .debug_line    0x000000000000cf74     0x105e Drivers/STM32L4xx_HAL_Driver/Src/stm32l4xx_ll_usb.o
 .debug_line    0x000000000000dfd2      0xd7b Middlewares/ST/STM32_USB_Device_Library/Class/MIDI/Src/usbd_midi.o
 .debug_line    0x000000000000ed4d      0xdff Middlewares/ST/STM32_USB_Device_Library/Core/Src/usbd_core.o
 .debug_line    0x000000000000fb4c     0x109c Middlewares/ST/STM32_USB_Device_Library/Core/Src/usbd_ctlreq.o
 .debug_line    0x0000000000010be8      0xa56 Middlewares/ST/STM32_USB_Device_Library/Core/Src/usbd_ioreq.o
 .debug_line    0x000000000001163e      0x9f6 USB_DEVICE/App/usb_device.o
 .debug_line    0x0000000000012034      0xaf6 USB_DEVICE/App/usbd_desc.o
 .debug_line    0x0000000000012b2a      0xf68 USB_DEVICE/Target/usbd_conf.o

.debug_str      0x0000000000000000    0xa1ea4
 .debug_str     0x0000000000000000    0x9d777 Core/Src/main.o
                                      0x9dc3e (size before relaxing)
 .debug_str     0x000000000009d777       0x53 Core/Src/stm32l4xx_hal_msp.o
                                      0x98193 (size before relaxing)
 .debug_str     0x000000000009d7ca      0x3a0 Core/Src/stm32l4xx_it.o
                                      0x97f3b (size before relaxing)
 .debug_str     0x000000000009db6a       0xb8 Core/Src/system_stm32l4xx.o
                                      0x97cf0 (size before relaxing)
 .debug_str     0x000000000009dc22      0x164 Core/Src/usbd_midi_if.o
                                      0x9d3e1 (size before relaxing)
 .debug_str     0x000000000009dd86       0x36 Core/Startup/startup_stm32l412kbux.o
                                         0x6f (size before relaxing)
 .debug_str     0x000000000009ddbc      0x81c Drivers/STM32L4xx_HAL_Driver/Src/stm32l4xx_hal.o
                                      0x985b6 (size before relaxing)
 .debug_str     0x000000000009e5d8      0x389 Drivers/STM32L4xx_HAL_Driver/Src/stm32l4xx_hal_cortex.o
                                      0x98415 (size before relaxing)
 .debug_str     0x000000000009e961      0x228 Drivers/STM32L4xx_HAL_Driver/Src/stm32l4xx_hal_gpio.o
                                      0x97f85 (size before relaxing)
 .debug_str     0x000000000009eb89      0xd38 Drivers/STM32L4xx_HAL_Driver/Src/stm32l4xx_hal_i2c.o
                                      0x98e1b (size before relaxing)
 .debug_str     0x000000000009f8c1       0xb8 Drivers/STM32L4xx_HAL_Driver/Src/stm32l4xx_hal_i2c_ex.o
                                      0x98214 (size before relaxing)
 .debug_str     0x000000000009f979      0x3e8 Drivers/STM32L4xx_HAL_Driver/Src/stm32l4xx_hal_pcd.o
                                      0x982ca (size before relaxing)
 .debug_str     0x000000000009fd61      0x1c6 Drivers/STM32L4xx_HAL_Driver/Src/stm32l4xx_hal_pcd_ex.o
                                      0x98092 (size before relaxing)
 .debug_str     0x000000000009ff27      0x4cc Drivers/STM32L4xx_HAL_Driver/Src/stm32l4xx_hal_pwr_ex.o
                                      0x98222 (size before relaxing)
 .debug_str     0x00000000000a03f3      0x394 Drivers/STM32L4xx_HAL_Driver/Src/stm32l4xx_hal_rcc.o
                                      0x98293 (size before relaxing)
 .debug_str     0x00000000000a0787      0x49f Drivers/STM32L4xx_HAL_Driver/Src/stm32l4xx_hal_rcc_ex.o
                                      0x983f2 (size before relaxing)
 .debug_str     0x00000000000a0c26      0x2a8 Drivers/STM32L4xx_HAL_Driver/Src/stm32l4xx_ll_usb.o
                                      0x98078 (size before relaxing)
 .debug_str     0x00000000000a0ece      0x2fc Middlewares/ST/STM32_USB_Device_Library/Class/MIDI/Src/usbd_midi.o
                                      0x9d978 (size before relaxing)
 .debug_str     0x00000000000a11ca      0x1b5 Middlewares/ST/STM32_USB_Device_Library/Core/Src/usbd_core.o
                                      0x9cd16 (size before relaxing)
 .debug_str     0x00000000000a137f      0x15b Middlewares/ST/STM32_USB_Device_Library/Core/Src/usbd_ctlreq.o
                                      0x9ccd4 (size before relaxing)
 .debug_str     0x00000000000a14da       0xc9 Middlewares/ST/STM32_USB_Device_Library/Core/Src/usbd_ioreq.o
                                      0x9cc24 (size before relaxing)
 .debug_str     0x00000000000a15a3       0x32 USB_DEVICE/App/usb_device.o
                                      0x9d3dd (size before relaxing)
 .debug_str     0x00000000000a15d5      0x298 USB_DEVICE/App/usbd_desc.o
                                      0x9cba0 (size before relaxing)
 .debug_str     0x00000000000a186d      0x637 USB_DEVICE/Target/usbd_conf.o
                                      0x9dc61 (size before relaxing)

.comment        0x0000000000000000       0x53
 .comment       0x0000000000000000       0x53 Core/Src/main.o
                                         0x54 (size before relaxing)
 .comment       0x0000000000000053       0x54 Core/Src/stm32l4xx_hal_msp.o
 .comment       0x0000000000000053       0x54 Core/Src/stm32l4xx_it.o
 .comment       0x0000000000000053       0x54 Core/Src/system_stm32l4xx.o
 .comment       0x0000000000000053       0x54 Core/Src/usbd_midi_if.o
 .comment       0x0000000000000053       0x54 Drivers/STM32L4xx_HAL_Driver/Src/stm32l4xx_hal.o
 .comment       0x0000000000000053       0x54 Drivers/STM32L4xx_HAL_Driver/Src/stm32l4xx_hal_cortex.o
 .comment       0x0000000000000053       0x54 Drivers/STM32L4xx_HAL_Driver/Src/stm32l4xx_hal_gpio.o
 .comment       0x0000000000000053       0x54 Drivers/STM32L4xx_HAL_Driver/Src/stm32l4xx_hal_i2c.o
 .comment       0x0000000000000053       0x54 Drivers/STM32L4xx_HAL_Driver/Src/stm32l4xx_hal_i2c_ex.o
 .comment       0x0000000000000053       0x54 Drivers/STM32L4xx_HAL_Driver/Src/stm32l4xx_hal_pcd.o
 .comment       0x0000000000000053       0x54 Drivers/STM32L4xx_HAL_Driver/Src/stm32l4xx_hal_pcd_ex.o
 .comment       0x0000000000000053       0x54 Drivers/STM32L4xx_HAL_Driver/Src/stm32l4xx_hal_pwr_ex.o
 .comment       0x0000000000000053       0x54 Drivers/STM32L4xx_HAL_Driver/Src/stm32l4xx_hal_rcc.o
 .comment       0x0000000000000053       0x54 Drivers/STM32L4xx_HAL_Driver/Src/stm32l4xx_hal_rcc_ex.o
 .comment       0x0000000000000053       0x54 Drivers/STM32L4xx_HAL_Driver/Src/stm32l4xx_ll_usb.o
 .comment       0x0000000000000053       0x54 Middlewares/ST/STM32_USB_Device_Library/Class/MIDI/Src/usbd_midi.o
 .comment       0x0000000000000053       0x54 Middlewares/ST/STM32_USB_Device_Library/Core/Src/usbd_core.o
 .comment       0x0000000000000053       0x54 Middlewares/ST/STM32_USB_Device_Library/Core/Src/usbd_ctlreq.o
 .comment       0x0000000000000053       0x54 Middlewares/ST/STM32_USB_Device_Library/Core/Src/usbd_ioreq.o
 .comment       0x0000000000000053       0x54 USB_DEVICE/App/usb_device.o
 .comment       0x0000000000000053       0x54 USB_DEVICE/App/usbd_desc.o
 .comment       0x0000000000000053       0x54 USB_DEVICE/Target/usbd_conf.o

.debug_frame    0x0000000000000000     0x3e7c
 .debug_frame   0x0000000000000000       0xb0 Core/Src/main.o
 .debug_frame   0x00000000000000b0       0x80 Core/Src/stm32l4xx_hal_msp.o
 .debug_frame   0x0000000000000130      0x120 Core/Src/stm32l4xx_it.o
 .debug_frame   0x0000000000000250       0x58 Core/Src/system_stm32l4xx.o
 .debug_frame   0x00000000000002a8       0xb0 Core/Src/usbd_midi_if.o
 .debug_frame   0x0000000000000358      0x3dc Drivers/STM32L4xx_HAL_Driver/Src/stm32l4xx_hal.o
 .debug_frame   0x0000000000000734      0x498 Drivers/STM32L4xx_HAL_Driver/Src/stm32l4xx_hal_cortex.o
 .debug_frame   0x0000000000000bcc      0x14c Drivers/STM32L4xx_HAL_Driver/Src/stm32l4xx_hal_gpio.o
 .debug_frame   0x0000000000000d18      0xbe8 Drivers/STM32L4xx_HAL_Driver/Src/stm32l4xx_hal_i2c.o
 .debug_frame   0x0000000000001900      0x100 Drivers/STM32L4xx_HAL_Driver/Src/stm32l4xx_hal_i2c_ex.o
 .debug_frame   0x0000000000001a00      0x550 Drivers/STM32L4xx_HAL_Driver/Src/stm32l4xx_hal_pcd.o
 .debug_frame   0x0000000000001f50      0x14c Drivers/STM32L4xx_HAL_Driver/Src/stm32l4xx_hal_pcd_ex.o
 .debug_frame   0x000000000000209c      0x524 Drivers/STM32L4xx_HAL_Driver/Src/stm32l4xx_hal_pwr_ex.o
 .debug_frame   0x00000000000025c0      0x1f4 Drivers/STM32L4xx_HAL_Driver/Src/stm32l4xx_hal_rcc.o
 .debug_frame   0x00000000000027b4      0x33c Drivers/STM32L4xx_HAL_Driver/Src/stm32l4xx_hal_rcc_ex.o
 .debug_frame   0x0000000000002af0      0x450 Drivers/STM32L4xx_HAL_Driver/Src/stm32l4xx_ll_usb.o
 .debug_frame   0x0000000000002f40      0x26c Middlewares/ST/STM32_USB_Device_Library/Class/MIDI/Src/usbd_midi.o
 .debug_frame   0x00000000000031ac      0x2f4 Middlewares/ST/STM32_USB_Device_Library/Core/Src/usbd_core.o
 .debug_frame   0x00000000000034a0      0x23c Middlewares/ST/STM32_USB_Device_Library/Core/Src/usbd_ctlreq.o
 .debug_frame   0x00000000000036dc      0x10c Middlewares/ST/STM32_USB_Device_Library/Core/Src/usbd_ioreq.o
 .debug_frame   0x00000000000037e8       0x2c USB_DEVICE/App/usb_device.o
 .debug_frame   0x0000000000003814      0x188 USB_DEVICE/App/usbd_desc.o
 .debug_frame   0x000000000000399c      0x494 USB_DEVICE/Target/usbd_conf.o
 .debug_frame   0x0000000000003e30       0x2c /opt/st/stm32cubeide_1.6.1/plugins/com.st.stm32cube.ide.mcu.externaltools.gnu-tools-for-stm32.9-2020-q2-update.linux64_1.5.0.202011040924/tools/bin/../lib/gcc/arm-none-eabi/9.3.1/../../../../arm-none-eabi/lib/thumb/v7e-m+fp/hard/libc_nano.a(lib_a-init.o)
 .debug_frame   0x0000000000003e5c       0x20 /opt/st/stm32cubeide_1.6.1/plugins/com.st.stm32cube.ide.mcu.externaltools.gnu-tools-for-stm32.9-2020-q2-update.linux64_1.5.0.202011040924/tools/bin/../lib/gcc/arm-none-eabi/9.3.1/../../../../arm-none-eabi/lib/thumb/v7e-m+fp/hard/libc_nano.a(lib_a-memset.o)
